<?xml version="1.0"?>
<link_info>
   <banner>TI ARM Linker Unix v16.9.6.LTS</banner>
   <copyright>Copyright (c) 1996-2017 Texas Instruments Incorporated</copyright>
   <link_time>0x5af3b49d</link_time>
   <link_errors>0x0</link_errors>
   <output_file>Lab1.out</output_file>
   <entry_point>
      <name>_c_int00</name>
      <address>0xa45</address>
   </entry_point>
   <input_file_list>
      <input_file id="fl-2">
         <path>./</path>
         <kind>object</kind>
         <file>HAL_I2C.obj</file>
         <name>HAL_I2C.obj</name>
      </input_file>
      <input_file id="fl-3">
         <path>./</path>
         <kind>object</kind>
         <file>HAL_OPT3001.obj</file>
         <name>HAL_OPT3001.obj</name>
      </input_file>
      <input_file id="fl-4">
         <path>./</path>
         <kind>object</kind>
         <file>main.obj</file>
         <name>main.obj</name>
      </input_file>
      <input_file id="fl-5">
         <path>./</path>
         <kind>object</kind>
         <file>system_msp432p401r.obj</file>
         <name>system_msp432p401r.obj</name>
      </input_file>
      <input_file id="fl-6">
         <path>./LcdDriver/</path>
         <kind>object</kind>
         <file>Crystalfontz128x128_ST7735.obj</file>
         <name>Crystalfontz128x128_ST7735.obj</name>
      </input_file>
      <input_file id="fl-7">
         <path>./LcdDriver/</path>
         <kind>object</kind>
         <file>HAL_MSP_EXP432P401R_Crystalfontz128x128_ST7735.obj</file>
         <name>HAL_MSP_EXP432P401R_Crystalfontz128x128_ST7735.obj</name>
      </input_file>
      <input_file id="fl-8">
         <path>./ccs/</path>
         <kind>object</kind>
         <file>startup_msp432p401r_ccs.obj</file>
         <name>startup_msp432p401r_ccs.obj</name>
      </input_file>
      <input_file id="fl-12">
         <kind>object</kind>
         <file>&lt;internal&gt;</file>
         <name>&lt;internal&gt;</name>
      </input_file>
      <input_file id="fl-13">
         <path>/home/cuchazc96/ti/ccs740/simplelink_msp432p4_sdk_2_10_00_14/source/ti/devices/msp432p4xx/driverlib/ccs/</path>
         <kind>archive</kind>
         <file>msp432p4xx_driverlib.lib</file>
         <name>gpio_MSP432P4XX.obj</name>
      </input_file>
      <input_file id="fl-14">
         <path>/home/cuchazc96/ti/ccs740/simplelink_msp432p4_sdk_2_10_00_14/source/ti/devices/msp432p4xx/driverlib/ccs/</path>
         <kind>archive</kind>
         <file>msp432p4xx_driverlib.lib</file>
         <name>i2c_MSP432P4XX.obj</name>
      </input_file>
      <input_file id="fl-15">
         <path>/home/cuchazc96/ti/ccs740/simplelink_msp432p4_sdk_2_10_00_14/source/ti/devices/msp432p4xx/driverlib/ccs/</path>
         <kind>archive</kind>
         <file>msp432p4xx_driverlib.lib</file>
         <name>interrupt_MSP432P4XX.obj</name>
      </input_file>
      <input_file id="fl-16">
         <path>/home/cuchazc96/ti/ccs740/simplelink_msp432p4_sdk_2_10_00_14/source/ti/devices/msp432p4xx/driverlib/ccs/</path>
         <kind>archive</kind>
         <file>msp432p4xx_driverlib.lib</file>
         <name>spi_MSP432P4XX.obj</name>
      </input_file>
      <input_file id="fl-17">
         <path>/home/cuchazc96/ti/ccs740/simplelink_msp432p4_sdk_2_10_00_14/source/ti/devices/msp432p4xx/driverlib/ccs/</path>
         <kind>archive</kind>
         <file>msp432p4xx_driverlib.lib</file>
         <name>cpu_MSP432P4XX.obj</name>
      </input_file>
      <input_file id="fl-cd">
         <path>/home/cuchazc96/ti/ccs740/ccsv7/tools/compiler/ti-cgt-arm_16.9.6.LTS/lib/</path>
         <kind>archive</kind>
         <file>rtsv7M4_T_le_v4SPD16_eabi.lib</file>
         <name>boot.obj</name>
      </input_file>
      <input_file id="fl-ce">
         <path>/home/cuchazc96/ti/ccs740/ccsv7/tools/compiler/ti-cgt-arm_16.9.6.LTS/lib/</path>
         <kind>archive</kind>
         <file>rtsv7M4_T_le_v4SPD16_eabi.lib</file>
         <name>copy_decompress_lzss.obj</name>
      </input_file>
      <input_file id="fl-cf">
         <path>/home/cuchazc96/ti/ccs740/ccsv7/tools/compiler/ti-cgt-arm_16.9.6.LTS/lib/</path>
         <kind>archive</kind>
         <file>rtsv7M4_T_le_v4SPD16_eabi.lib</file>
         <name>copy_decompress_none.obj</name>
      </input_file>
      <input_file id="fl-d0">
         <path>/home/cuchazc96/ti/ccs740/ccsv7/tools/compiler/ti-cgt-arm_16.9.6.LTS/lib/</path>
         <kind>archive</kind>
         <file>rtsv7M4_T_le_v4SPD16_eabi.lib</file>
         <name>copy_zero_init.obj</name>
      </input_file>
      <input_file id="fl-d1">
         <path>/home/cuchazc96/ti/ccs740/ccsv7/tools/compiler/ti-cgt-arm_16.9.6.LTS/lib/</path>
         <kind>archive</kind>
         <file>rtsv7M4_T_le_v4SPD16_eabi.lib</file>
         <name>exit.obj</name>
      </input_file>
      <input_file id="fl-d2">
         <path>/home/cuchazc96/ti/ccs740/ccsv7/tools/compiler/ti-cgt-arm_16.9.6.LTS/lib/</path>
         <kind>archive</kind>
         <file>rtsv7M4_T_le_v4SPD16_eabi.lib</file>
         <name>fd_mul_t2.obj</name>
      </input_file>
      <input_file id="fl-d3">
         <path>/home/cuchazc96/ti/ccs740/ccsv7/tools/compiler/ti-cgt-arm_16.9.6.LTS/lib/</path>
         <kind>archive</kind>
         <file>rtsv7M4_T_le_v4SPD16_eabi.lib</file>
         <name>fd_tou_t2.obj</name>
      </input_file>
      <input_file id="fl-d4">
         <path>/home/cuchazc96/ti/ccs740/ccsv7/tools/compiler/ti-cgt-arm_16.9.6.LTS/lib/</path>
         <kind>archive</kind>
         <file>rtsv7M4_T_le_v4SPD16_eabi.lib</file>
         <name>memcpy_t2.obj</name>
      </input_file>
      <input_file id="fl-d5">
         <path>/home/cuchazc96/ti/ccs740/ccsv7/tools/compiler/ti-cgt-arm_16.9.6.LTS/lib/</path>
         <kind>archive</kind>
         <file>rtsv7M4_T_le_v4SPD16_eabi.lib</file>
         <name>memset_t2.obj</name>
      </input_file>
      <input_file id="fl-d6">
         <path>/home/cuchazc96/ti/ccs740/ccsv7/tools/compiler/ti-cgt-arm_16.9.6.LTS/lib/</path>
         <kind>archive</kind>
         <file>rtsv7M4_T_le_v4SPD16_eabi.lib</file>
         <name>mpu_init.obj</name>
      </input_file>
      <input_file id="fl-d7">
         <path>/home/cuchazc96/ti/ccs740/ccsv7/tools/compiler/ti-cgt-arm_16.9.6.LTS/lib/</path>
         <kind>archive</kind>
         <file>rtsv7M4_T_le_v4SPD16_eabi.lib</file>
         <name>pre_init.obj</name>
      </input_file>
      <input_file id="fl-d8">
         <path>/home/cuchazc96/ti/ccs740/ccsv7/tools/compiler/ti-cgt-arm_16.9.6.LTS/lib/</path>
         <kind>archive</kind>
         <file>rtsv7M4_T_le_v4SPD16_eabi.lib</file>
         <name>stkdepth_vars.obj</name>
      </input_file>
      <input_file id="fl-d9">
         <path>/home/cuchazc96/ti/ccs740/ccsv7/tools/compiler/ti-cgt-arm_16.9.6.LTS/lib/</path>
         <kind>archive</kind>
         <file>rtsv7M4_T_le_v4SPD16_eabi.lib</file>
         <name>u_tofd_t2.obj</name>
      </input_file>
      <input_file id="fl-da">
         <path>/home/cuchazc96/ti/ccs740/ccsv7/tools/compiler/ti-cgt-arm_16.9.6.LTS/lib/</path>
         <kind>archive</kind>
         <file>rtsv7M4_T_le_v4SPD16_eabi.lib</file>
         <name>_lock.obj</name>
      </input_file>
      <input_file id="fl-db">
         <path>/home/cuchazc96/ti/ccs740/ccsv7/tools/compiler/ti-cgt-arm_16.9.6.LTS/lib/</path>
         <kind>archive</kind>
         <file>rtsv7M4_T_le_v4SPD16_eabi.lib</file>
         <name>args_main.obj</name>
      </input_file>
      <input_file id="fl-dc">
         <path>/home/cuchazc96/ti/ccs740/ccsv7/tools/compiler/ti-cgt-arm_16.9.6.LTS/lib/</path>
         <kind>archive</kind>
         <file>rtsv7M4_T_le_v4SPD16_eabi.lib</file>
         <name>autoinit.obj</name>
      </input_file>
      <input_file id="fl-dd">
         <path>/home/cuchazc96/ti/ccs740/ccsv7/tools/compiler/ti-cgt-arm_16.9.6.LTS/lib/</path>
         <kind>archive</kind>
         <file>rtsv7M4_T_le_v4SPD16_eabi.lib</file>
         <name>cpy_tbl.obj</name>
      </input_file>
      <input_file id="fl-de">
         <path>/home/cuchazc96/ti/ccs740/ccsv7/tools/compiler/ti-cgt-arm_16.9.6.LTS/lib/</path>
         <kind>archive</kind>
         <file>rtsv7M4_T_le_v4SPD16_eabi.lib</file>
         <name>startup.obj</name>
      </input_file>
   </input_file_list>
   <object_component_list>
      <object_component id="oc-2c">
         <name>.intvecs:retain</name>
         <load_address>0x0</load_address>
         <run_address>0x0</run_address>
         <size>0xe4</size>
         <input_file_ref idref="fl-8"/>
      </object_component>
      <object_component id="oc-166">
         <name>.text</name>
         <load_address>0xe4</load_address>
         <run_address>0xe4</run_address>
         <size>0xfc</size>
         <input_file_ref idref="fl-d2"/>
      </object_component>
      <object_component id="oc-dd">
         <name>.text:_Z14OPT3001_getLuxv</name>
         <load_address>0x1e0</load_address>
         <run_address>0x1e0</run_address>
         <size>0xd8</size>
         <input_file_ref idref="fl-3"/>
      </object_component>
      <object_component id="oc-112">
         <name>.text:_Z5Setupv</name>
         <load_address>0x2b8</load_address>
         <run_address>0x2b8</run_address>
         <size>0xcc</size>
         <input_file_ref idref="fl-4"/>
      </object_component>
      <object_component id="oc-3b">
         <name>.text</name>
         <load_address>0x384</load_address>
         <run_address>0x384</run_address>
         <size>0x9c</size>
         <input_file_ref idref="fl-d4"/>
      </object_component>
      <object_component id="oc-1e9">
         <name>.text:_Z10TurnOnTimev</name>
         <load_address>0x420</load_address>
         <run_address>0x420</run_address>
         <size>0x94</size>
         <input_file_ref idref="fl-4"/>
      </object_component>
      <object_component id="oc-153">
         <name>.text:_Z10I2C_read16h</name>
         <load_address>0x4b4</load_address>
         <run_address>0x4b4</run_address>
         <size>0x8c</size>
         <input_file_ref idref="fl-2"/>
      </object_component>
      <object_component id="oc-1ef">
         <name>.text:_Z11TurnOffTimev</name>
         <load_address>0x540</load_address>
         <run_address>0x540</run_address>
         <size>0x84</size>
         <input_file_ref idref="fl-4"/>
      </object_component>
      <object_component id="oc-47">
         <name>.text</name>
         <load_address>0x5c4</load_address>
         <run_address>0x5c4</run_address>
         <size>0x7a</size>
         <input_file_ref idref="fl-d5"/>
      </object_component>
      <object_component id="oc-7b">
         <name>.text:Default_Handler</name>
         <load_address>0x63e</load_address>
         <run_address>0x63e</run_address>
         <size>0x2</size>
         <input_file_ref idref="fl-8"/>
      </object_component>
      <object_component id="oc-d5">
         <name>.text:SystemInit</name>
         <load_address>0x640</load_address>
         <run_address>0x640</run_address>
         <size>0x78</size>
         <input_file_ref idref="fl-5"/>
      </object_component>
      <object_component id="oc-81">
         <name>.text:ADC14_IRQHandler</name>
         <load_address>0x6b8</load_address>
         <run_address>0x6b8</run_address>
         <size>0x74</size>
         <input_file_ref idref="fl-4"/>
      </object_component>
      <object_component id="oc-12a">
         <name>.text:_Z5Startv</name>
         <load_address>0x72c</load_address>
         <run_address>0x72c</run_address>
         <size>0x74</size>
         <input_file_ref idref="fl-4"/>
      </object_component>
      <object_component id="oc-5f">
         <name>.text</name>
         <load_address>0x7a0</load_address>
         <run_address>0x7a0</run_address>
         <size>0x70</size>
         <input_file_ref idref="fl-dc"/>
      </object_component>
      <object_component id="oc-ed">
         <name>.text:_Z8checkADCPi</name>
         <load_address>0x810</load_address>
         <run_address>0x810</run_address>
         <size>0x6c</size>
         <input_file_ref idref="fl-4"/>
      </object_component>
      <object_component id="oc-14">
         <name>.text:decompress:lzss</name>
         <load_address>0x87c</load_address>
         <run_address>0x87c</run_address>
         <size>0x68</size>
         <input_file_ref idref="fl-ce"/>
      </object_component>
      <object_component id="oc-8d">
         <name>.text:T32_INT2_IRQHandler</name>
         <load_address>0x8e4</load_address>
         <run_address>0x8e4</run_address>
         <size>0x5c</size>
         <input_file_ref idref="fl-4"/>
      </object_component>
      <object_component id="oc-11e">
         <name>.text:_Z21ADC_MIC_CONFIGURATIONv</name>
         <load_address>0x940</load_address>
         <run_address>0x940</run_address>
         <size>0x5c</size>
         <input_file_ref idref="fl-4"/>
      </object_component>
      <object_component id="oc-291">
         <name>.text:I2C_masterSendMultiByteFinish</name>
         <load_address>0x99c</load_address>
         <run_address>0x99c</run_address>
         <size>0x54</size>
         <input_file_ref idref="fl-14"/>
      </object_component>
      <object_component id="oc-93">
         <name>.text:PORT3_IRQHandler</name>
         <load_address>0x9f0</load_address>
         <run_address>0x9f0</run_address>
         <size>0x54</size>
         <input_file_ref idref="fl-4"/>
      </object_component>
      <object_component id="oc-26">
         <name>.text</name>
         <load_address>0xa44</load_address>
         <run_address>0xa44</run_address>
         <size>0x54</size>
         <input_file_ref idref="fl-cd"/>
      </object_component>
      <object_component id="oc-6b">
         <name>.text</name>
         <load_address>0xa98</load_address>
         <run_address>0xa98</run_address>
         <size>0x54</size>
         <input_file_ref idref="fl-d1"/>
      </object_component>
      <object_component id="oc-23c">
         <name>.text:GPIO_setAsPeripheralModuleFunctionOutputPin</name>
         <load_address>0xaec</load_address>
         <run_address>0xaec</run_address>
         <size>0x4c</size>
         <input_file_ref idref="fl-13"/>
      </object_component>
      <object_component id="oc-b4">
         <name>.text</name>
         <load_address>0xb38</load_address>
         <run_address>0xb38</run_address>
         <size>0x4c</size>
         <input_file_ref idref="fl-dd"/>
      </object_component>
      <object_component id="oc-259">
         <name>.text:_Z11I2C_write16hj</name>
         <load_address>0xb84</load_address>
         <run_address>0xb84</run_address>
         <size>0x48</size>
         <input_file_ref idref="fl-2"/>
      </object_component>
      <object_component id="oc-1db">
         <name>.text:_Z18__NVIC_SetPriority4IRQnj</name>
         <load_address>0xbcc</load_address>
         <run_address>0xbcc</run_address>
         <size>0x48</size>
         <input_file_ref idref="fl-4"/>
      </object_component>
      <object_component id="oc-87">
         <name>.text:T32_INT1_IRQHandler</name>
         <load_address>0xc14</load_address>
         <run_address>0xc14</run_address>
         <size>0x44</size>
         <input_file_ref idref="fl-4"/>
      </object_component>
      <object_component id="oc-16b">
         <name>.text</name>
         <load_address>0xc58</load_address>
         <run_address>0xc58</run_address>
         <size>0x44</size>
         <input_file_ref idref="fl-d3"/>
      </object_component>
      <object_component id="oc-212">
         <name>.text:I2C_masterSendMultiByteStart</name>
         <load_address>0xc9c</load_address>
         <run_address>0xc9c</run_address>
         <size>0x40</size>
         <input_file_ref idref="fl-14"/>
      </object_component>
      <object_component id="oc-243">
         <name>.text:I2C_initMaster</name>
         <load_address>0xcdc</load_address>
         <run_address>0xcdc</run_address>
         <size>0x3e</size>
         <input_file_ref idref="fl-14"/>
      </object_component>
      <object_component id="oc-53">
         <name>.text</name>
         <load_address>0xd1a</load_address>
         <run_address>0xd1a</run_address>
         <size>0x2</size>
         <input_file_ref idref="fl-d6"/>
      </object_component>
      <object_component id="oc-f8">
         <name>.text:_Z17__NVIC_DisableIRQ4IRQn</name>
         <load_address>0xd1c</load_address>
         <run_address>0xd1c</run_address>
         <size>0x38</size>
         <input_file_ref idref="fl-4"/>
      </object_component>
      <object_component id="oc-230">
         <name>.text:I2C_masterReceiveMultiByteFinish</name>
         <load_address>0xd54</load_address>
         <run_address>0xd54</run_address>
         <size>0x30</size>
         <input_file_ref idref="fl-14"/>
      </object_component>
      <object_component id="oc-21e">
         <name>.text:I2C_masterSendMultiByteStop</name>
         <load_address>0xd84</load_address>
         <run_address>0xd84</run_address>
         <size>0x30</size>
         <input_file_ref idref="fl-14"/>
      </object_component>
      <object_component id="oc-1e1">
         <name>.text:_Z16__NVIC_EnableIRQ4IRQn</name>
         <load_address>0xdb4</load_address>
         <run_address>0xdb4</run_address>
         <size>0x30</size>
         <input_file_ref idref="fl-4"/>
      </object_component>
      <object_component id="oc-124">
         <name>.text:_Z14InterruptSetupv</name>
         <load_address>0xde4</load_address>
         <run_address>0xde4</run_address>
         <size>0x2e</size>
         <input_file_ref idref="fl-4"/>
      </object_component>
      <object_component id="oc-ba">
         <name>.text</name>
         <load_address>0xe12</load_address>
         <run_address>0xe12</run_address>
         <size>0x2</size>
         <input_file_ref idref="fl-de"/>
      </object_component>
      <object_component id="oc-263">
         <name>.text:_Z13TimerConfigs2v</name>
         <load_address>0xe14</load_address>
         <run_address>0xe14</run_address>
         <size>0x2c</size>
         <input_file_ref idref="fl-4"/>
      </object_component>
      <object_component id="oc-28b">
         <name>.text:I2C_masterSendMultiByteNext</name>
         <load_address>0xe40</load_address>
         <run_address>0xe40</run_address>
         <size>0x24</size>
         <input_file_ref idref="fl-14"/>
      </object_component>
      <object_component id="oc-1cc">
         <name>.text:_Z8I2C_initv</name>
         <load_address>0xe64</load_address>
         <run_address>0xe64</run_address>
         <size>0x20</size>
         <input_file_ref idref="fl-2"/>
      </object_component>
      <object_component id="oc-161">
         <name>.text</name>
         <load_address>0xe84</load_address>
         <run_address>0xe84</run_address>
         <size>0x20</size>
         <input_file_ref idref="fl-d9"/>
      </object_component>
      <object_component id="oc-c2">
         <name>.text:main</name>
         <load_address>0xea4</load_address>
         <run_address>0xea4</run_address>
         <size>0x1e</size>
         <input_file_ref idref="fl-4"/>
      </object_component>
      <object_component id="oc-14d">
         <name>.text:_Z12I2C_setslavej</name>
         <load_address>0xec4</load_address>
         <run_address>0xec4</run_address>
         <size>0x1c</size>
         <input_file_ref idref="fl-2"/>
      </object_component>
      <object_component id="oc-118">
         <name>.text:_Z13TimerConfigs1v</name>
         <load_address>0xee0</load_address>
         <run_address>0xee0</run_address>
         <size>0x1c</size>
         <input_file_ref idref="fl-4"/>
      </object_component>
      <object_component id="oc-130">
         <name>.text:_Z14AuthomaticModev</name>
         <load_address>0xefc</load_address>
         <run_address>0xefc</run_address>
         <size>0x1c</size>
         <input_file_ref idref="fl-4"/>
      </object_component>
      <object_component id="oc-1c6">
         <name>.text:_Z13Init_I2C_GPIOv</name>
         <load_address>0xf18</load_address>
         <run_address>0xf18</run_address>
         <size>0x18</size>
         <input_file_ref idref="fl-2"/>
      </object_component>
      <object_component id="oc-65">
         <name>.text</name>
         <load_address>0xf30</load_address>
         <run_address>0xf30</run_address>
         <size>0x18</size>
         <input_file_ref idref="fl-db"/>
      </object_component>
      <object_component id="oc-20c">
         <name>.text:I2C_isBusBusy</name>
         <load_address>0xf48</load_address>
         <run_address>0xf48</run_address>
         <size>0x14</size>
         <input_file_ref idref="fl-14"/>
      </object_component>
      <object_component id="oc-1d2">
         <name>.text:_Z12OPT3001_initv</name>
         <load_address>0xf5c</load_address>
         <run_address>0xf5c</run_address>
         <size>0x14</size>
         <input_file_ref idref="fl-3"/>
      </object_component>
      <object_component id="oc-140">
         <name>.text</name>
         <load_address>0xf70</load_address>
         <run_address>0xf70</run_address>
         <size>0x14</size>
         <input_file_ref idref="fl-da"/>
      </object_component>
      <object_component id="oc-224">
         <name>.text:I2C_masterReceiveStart</name>
         <load_address>0xf84</load_address>
         <run_address>0xf84</run_address>
         <size>0x10</size>
         <input_file_ref idref="fl-14"/>
      </object_component>
      <object_component id="oc-1ff">
         <name>.text:I2C_clearInterruptFlag</name>
         <load_address>0xf94</load_address>
         <run_address>0xf94</run_address>
         <size>0xe</size>
         <input_file_ref idref="fl-14"/>
      </object_component>
      <object_component id="oc-206">
         <name>.text:I2C_setMode</name>
         <load_address>0xfa2</load_address>
         <run_address>0xfa2</run_address>
         <size>0xe</size>
         <input_file_ref idref="fl-14"/>
      </object_component>
      <object_component id="oc-1a">
         <name>.text:decompress:none</name>
         <load_address>0xfb0</load_address>
         <run_address>0xfb0</run_address>
         <size>0xe</size>
         <input_file_ref idref="fl-cf"/>
      </object_component>
      <object_component id="oc-249">
         <name>.text:I2C_disableModule</name>
         <load_address>0xfbe</load_address>
         <run_address>0xfbe</run_address>
         <size>0xc</size>
         <input_file_ref idref="fl-14"/>
      </object_component>
      <object_component id="oc-24f">
         <name>.text:I2C_enableModule</name>
         <load_address>0xfca</load_address>
         <run_address>0xfca</run_address>
         <size>0xc</size>
         <input_file_ref idref="fl-14"/>
      </object_component>
      <object_component id="oc-75">
         <name>.text:Reset_Handler</name>
         <load_address>0xfd6</load_address>
         <run_address>0xfd6</run_address>
         <size>0xc</size>
         <input_file_ref idref="fl-8"/>
      </object_component>
      <object_component id="oc-20">
         <name>.text:decompress:ZI</name>
         <load_address>0xfe2</load_address>
         <run_address>0xfe2</run_address>
         <size>0xc</size>
         <input_file_ref idref="fl-d0"/>
      </object_component>
      <object_component id="oc-218">
         <name>.text:I2C_getInterruptStatus</name>
         <load_address>0xfee</load_address>
         <run_address>0xfee</run_address>
         <size>0x6</size>
         <input_file_ref idref="fl-14"/>
      </object_component>
      <object_component id="oc-22a">
         <name>.text:I2C_masterReceiveMultiByteNext</name>
         <load_address>0xff4</load_address>
         <run_address>0xff4</run_address>
         <size>0x6</size>
         <input_file_ref idref="fl-14"/>
      </object_component>
      <object_component id="oc-1f9">
         <name>.text:I2C_setSlaveAddress</name>
         <load_address>0xffa</load_address>
         <run_address>0xffa</run_address>
         <size>0x4</size>
         <input_file_ref idref="fl-14"/>
      </object_component>
      <object_component id="oc-59">
         <name>.text</name>
         <load_address>0xffe</load_address>
         <run_address>0xffe</run_address>
         <size>0x4</size>
         <input_file_ref idref="fl-d7"/>
      </object_component>
      <object_component id="oc-281">
         <name>.const:GPIO_PORT_TO_BASE</name>
         <load_address>0x1004</load_address>
         <run_address>0x1004</run_address>
         <size>0x30</size>
         <input_file_ref idref="fl-13"/>
      </object_component>
      <object_component id="oc-255">
         <name>.const:i2cConfig</name>
         <load_address>0x1034</load_address>
         <run_address>0x1034</run_address>
         <size>0x14</size>
         <input_file_ref idref="fl-2"/>
      </object_component>
      <object_component id="oc-2e1">
         <name>.cinit..data.load</name>
         <load_address>0x1048</load_address>
         <run_address>0x1048</run_address>
         <size>0x25</size>
      </object_component>
      <object_component id="oc-2df">
         <name>__TI_handler_table</name>
         <load_address>0x1070</load_address>
         <run_address>0x1070</run_address>
         <size>0xc</size>
      </object_component>
      <object_component id="oc-2e2">
         <name>.cinit..bss.load</name>
         <load_address>0x1080</load_address>
         <run_address>0x1080</run_address>
         <size>0x8</size>
      </object_component>
      <object_component id="oc-2e0">
         <name>__TI_cinit_table</name>
         <load_address>0x1088</load_address>
         <run_address>0x1088</run_address>
         <size>0x10</size>
      </object_component>
      <object_component id="oc-2bc">
         <name>.binit</name>
         <load_address>0x0</load_address>
         <run_address>0x0</run_address>
         <size>0x0</size>
      </object_component>
      <object_component id="oc-e3">
         <name>.data</name>
         <load_address>0x20000000</load_address>
         <run_address>0x20000000</run_address>
         <size>0x34</size>
         <input_file_ref idref="fl-4"/>
      </object_component>
      <object_component id="oc-ca">
         <name>.data:$O1$$</name>
         <load_address>0x20000034</load_address>
         <run_address>0x20000034</run_address>
         <size>0xc</size>
         <input_file_ref idref="fl-d1"/>
      </object_component>
      <object_component id="oc-71">
         <name>.data</name>
         <load_address>0x20000048</load_address>
         <run_address>0x20000048</run_address>
         <size>0x4</size>
         <input_file_ref idref="fl-d8"/>
      </object_component>
      <object_component id="oc-cd">
         <name>.data:$O1$$</name>
         <load_address>0x20000040</load_address>
         <run_address>0x20000040</run_address>
         <size>0x8</size>
         <input_file_ref idref="fl-da"/>
      </object_component>
      <object_component id="oc-f3">
         <name>.common:g_iSamplesArray</name>
         <uninitialized>true</uninitialized>
         <run_address>0x2000004c</run_address>
         <size>0x28</size>
      </object_component>
      <object_component id="oc-2f">
         <name>.stack</name>
         <uninitialized>true</uninitialized>
         <run_address>0x2000fe00</run_address>
         <size>0x0</size>
         <input_file_ref idref="fl-cd"/>
      </object_component>
      <object_component id="oc-2e3">
         <name>.stack</name>
         <uninitialized>true</uninitialized>
         <run_address>0x2000fe00</run_address>
         <size>0x0</size>
      </object_component>
      <object_component id="oc-237">
         <name>.debug_info</name>
         <load_address>0x0</load_address>
         <run_address>0x0</run_address>
         <size>0x17aa</size>
         <input_file_ref idref="fl-2"/>
      </object_component>
      <object_component id="oc-256">
         <name>.debug_info</name>
         <load_address>0x17aa</load_address>
         <run_address>0x17aa</run_address>
         <size>0xcc</size>
         <input_file_ref idref="fl-2"/>
      </object_component>
      <object_component id="oc-1c7">
         <name>.debug_info</name>
         <load_address>0x1876</load_address>
         <run_address>0x1876</run_address>
         <size>0x172</size>
         <input_file_ref idref="fl-2"/>
      </object_component>
      <object_component id="oc-1cd">
         <name>.debug_info</name>
         <load_address>0x19e8</load_address>
         <run_address>0x19e8</run_address>
         <size>0x147</size>
         <input_file_ref idref="fl-2"/>
      </object_component>
      <object_component id="oc-154">
         <name>.debug_info</name>
         <load_address>0x1b2f</load_address>
         <run_address>0x1b2f</run_address>
         <size>0x2b9</size>
         <input_file_ref idref="fl-2"/>
      </object_component>
      <object_component id="oc-25a">
         <name>.debug_info</name>
         <load_address>0x1de8</load_address>
         <run_address>0x1de8</run_address>
         <size>0x21d</size>
         <input_file_ref idref="fl-2"/>
      </object_component>
      <object_component id="oc-14e">
         <name>.debug_info</name>
         <load_address>0x2005</load_address>
         <run_address>0x2005</run_address>
         <size>0x176</size>
         <input_file_ref idref="fl-2"/>
      </object_component>
      <object_component id="oc-173">
         <name>.debug_info</name>
         <load_address>0x217b</load_address>
         <run_address>0x217b</run_address>
         <size>0x1268</size>
         <input_file_ref idref="fl-2"/>
      </object_component>
      <object_component id="oc-178">
         <name>.debug_info</name>
         <load_address>0x33e3</load_address>
         <run_address>0x33e3</run_address>
         <size>0x3fa4</size>
         <input_file_ref idref="fl-2"/>
      </object_component>
      <object_component id="oc-187">
         <name>.debug_info</name>
         <load_address>0x7387</load_address>
         <run_address>0x7387</run_address>
         <size>0x1ef</size>
         <input_file_ref idref="fl-2"/>
      </object_component>
      <object_component id="oc-18c">
         <name>.debug_info</name>
         <load_address>0x7576</load_address>
         <run_address>0x7576</run_address>
         <size>0x5a</size>
         <input_file_ref idref="fl-2"/>
      </object_component>
      <object_component id="oc-191">
         <name>.debug_info</name>
         <load_address>0x75d0</load_address>
         <run_address>0x75d0</run_address>
         <size>0xb7</size>
         <input_file_ref idref="fl-2"/>
      </object_component>
      <object_component id="oc-196">
         <name>.debug_info</name>
         <load_address>0x7687</load_address>
         <run_address>0x7687</run_address>
         <size>0xa3</size>
         <input_file_ref idref="fl-2"/>
      </object_component>
      <object_component id="oc-19b">
         <name>.debug_info</name>
         <load_address>0x772a</load_address>
         <run_address>0x772a</run_address>
         <size>0xdf</size>
         <input_file_ref idref="fl-2"/>
      </object_component>
      <object_component id="oc-1a0">
         <name>.debug_info</name>
         <load_address>0x7809</load_address>
         <run_address>0x7809</run_address>
         <size>0x3d7</size>
         <input_file_ref idref="fl-2"/>
      </object_component>
      <object_component id="oc-e7">
         <name>.debug_info</name>
         <load_address>0x7be0</load_address>
         <run_address>0x7be0</run_address>
         <size>0x8b</size>
         <input_file_ref idref="fl-2"/>
      </object_component>
      <object_component id="oc-15a">
         <name>.debug_info</name>
         <load_address>0x7c6b</load_address>
         <run_address>0x7c6b</run_address>
         <size>0x18b</size>
         <input_file_ref idref="fl-2"/>
      </object_component>
      <object_component id="oc-1aa">
         <name>.debug_info</name>
         <load_address>0x7df6</load_address>
         <run_address>0x7df6</run_address>
         <size>0x163</size>
         <input_file_ref idref="fl-2"/>
      </object_component>
      <object_component id="oc-1af">
         <name>.debug_info</name>
         <load_address>0x7f59</load_address>
         <run_address>0x7f59</run_address>
         <size>0x107</size>
         <input_file_ref idref="fl-2"/>
      </object_component>
      <object_component id="oc-1b4">
         <name>.debug_info</name>
         <load_address>0x8060</load_address>
         <run_address>0x8060</run_address>
         <size>0xb7</size>
         <input_file_ref idref="fl-2"/>
      </object_component>
      <object_component id="oc-1d3">
         <name>.debug_info</name>
         <load_address>0x8117</load_address>
         <run_address>0x8117</run_address>
         <size>0x148</size>
         <input_file_ref idref="fl-3"/>
      </object_component>
      <object_component id="oc-de">
         <name>.debug_info</name>
         <load_address>0x825f</load_address>
         <run_address>0x825f</run_address>
         <size>0x18e</size>
         <input_file_ref idref="fl-3"/>
      </object_component>
      <object_component id="oc-36">
         <name>.debug_info</name>
         <load_address>0x83ed</load_address>
         <run_address>0x83ed</run_address>
         <size>0x84</size>
         <input_file_ref idref="fl-3"/>
      </object_component>
      <object_component id="oc-f4">
         <name>.debug_info</name>
         <load_address>0x8471</load_address>
         <run_address>0x8471</run_address>
         <size>0x170b</size>
         <input_file_ref idref="fl-4"/>
      </object_component>
      <object_component id="oc-e4">
         <name>.debug_info</name>
         <load_address>0x9b7c</load_address>
         <run_address>0x9b7c</run_address>
         <size>0x31d</size>
         <input_file_ref idref="fl-4"/>
      </object_component>
      <object_component id="oc-1e2">
         <name>.debug_info</name>
         <load_address>0x9e99</load_address>
         <run_address>0x9e99</run_address>
         <size>0x1ee</size>
         <input_file_ref idref="fl-4"/>
      </object_component>
      <object_component id="oc-f9">
         <name>.debug_info</name>
         <load_address>0xa087</load_address>
         <run_address>0xa087</run_address>
         <size>0x1f0</size>
         <input_file_ref idref="fl-4"/>
      </object_component>
      <object_component id="oc-1dc">
         <name>.debug_info</name>
         <load_address>0xa277</load_address>
         <run_address>0xa277</run_address>
         <size>0x226</size>
         <input_file_ref idref="fl-4"/>
      </object_component>
      <object_component id="oc-12b">
         <name>.debug_info</name>
         <load_address>0xa49d</load_address>
         <run_address>0xa49d</run_address>
         <size>0x10e</size>
         <input_file_ref idref="fl-4"/>
      </object_component>
      <object_component id="oc-1f0">
         <name>.debug_info</name>
         <load_address>0xa5ab</load_address>
         <run_address>0xa5ab</run_address>
         <size>0x146</size>
         <input_file_ref idref="fl-4"/>
      </object_component>
      <object_component id="oc-1ea">
         <name>.debug_info</name>
         <load_address>0xa6f1</load_address>
         <run_address>0xa6f1</run_address>
         <size>0x143</size>
         <input_file_ref idref="fl-4"/>
      </object_component>
      <object_component id="oc-131">
         <name>.debug_info</name>
         <load_address>0xa834</load_address>
         <run_address>0xa834</run_address>
         <size>0x134</size>
         <input_file_ref idref="fl-4"/>
      </object_component>
      <object_component id="oc-113">
         <name>.debug_info</name>
         <load_address>0xa968</load_address>
         <run_address>0xa968</run_address>
         <size>0x138</size>
         <input_file_ref idref="fl-4"/>
      </object_component>
      <object_component id="oc-125">
         <name>.debug_info</name>
         <load_address>0xaaa0</load_address>
         <run_address>0xaaa0</run_address>
         <size>0x1d0</size>
         <input_file_ref idref="fl-4"/>
      </object_component>
      <object_component id="oc-119">
         <name>.debug_info</name>
         <load_address>0xac70</load_address>
         <run_address>0xac70</run_address>
         <size>0x105</size>
         <input_file_ref idref="fl-4"/>
      </object_component>
      <object_component id="oc-264">
         <name>.debug_info</name>
         <load_address>0xad75</load_address>
         <run_address>0xad75</run_address>
         <size>0x148</size>
         <input_file_ref idref="fl-4"/>
      </object_component>
      <object_component id="oc-11f">
         <name>.debug_info</name>
         <load_address>0xaebd</load_address>
         <run_address>0xaebd</run_address>
         <size>0x115</size>
         <input_file_ref idref="fl-4"/>
      </object_component>
      <object_component id="oc-ee">
         <name>.debug_info</name>
         <load_address>0xafd2</load_address>
         <run_address>0xafd2</run_address>
         <size>0x17a</size>
         <input_file_ref idref="fl-4"/>
      </object_component>
      <object_component id="oc-c3">
         <name>.debug_info</name>
         <load_address>0xb14c</load_address>
         <run_address>0xb14c</run_address>
         <size>0x180</size>
         <input_file_ref idref="fl-4"/>
      </object_component>
      <object_component id="oc-94">
         <name>.debug_info</name>
         <load_address>0xb2cc</load_address>
         <run_address>0xb2cc</run_address>
         <size>0x127</size>
         <input_file_ref idref="fl-4"/>
      </object_component>
      <object_component id="oc-88">
         <name>.debug_info</name>
         <load_address>0xb3f3</load_address>
         <run_address>0xb3f3</run_address>
         <size>0x10d</size>
         <input_file_ref idref="fl-4"/>
      </object_component>
      <object_component id="oc-8e">
         <name>.debug_info</name>
         <load_address>0xb500</load_address>
         <run_address>0xb500</run_address>
         <size>0x123</size>
         <input_file_ref idref="fl-4"/>
      </object_component>
      <object_component id="oc-82">
         <name>.debug_info</name>
         <load_address>0xb623</load_address>
         <run_address>0xb623</run_address>
         <size>0x13d</size>
         <input_file_ref idref="fl-4"/>
      </object_component>
      <object_component id="oc-17d">
         <name>.debug_info</name>
         <load_address>0xb760</load_address>
         <run_address>0xb760</run_address>
         <size>0xe5</size>
         <input_file_ref idref="fl-4"/>
      </object_component>
      <object_component id="oc-182">
         <name>.debug_info</name>
         <load_address>0xb845</load_address>
         <run_address>0xb845</run_address>
         <size>0x4e8</size>
         <input_file_ref idref="fl-4"/>
      </object_component>
      <object_component id="oc-1a5">
         <name>.debug_info</name>
         <load_address>0xbd2d</load_address>
         <run_address>0xbd2d</run_address>
         <size>0x67</size>
         <input_file_ref idref="fl-4"/>
      </object_component>
      <object_component id="oc-d6">
         <name>.debug_info</name>
         <load_address>0xbd94</load_address>
         <run_address>0xbd94</run_address>
         <size>0x121</size>
         <input_file_ref idref="fl-5"/>
      </object_component>
      <object_component id="oc-9b">
         <name>.debug_info</name>
         <load_address>0xbeb5</load_address>
         <run_address>0xbeb5</run_address>
         <size>0x2af</size>
         <input_file_ref idref="fl-8"/>
      </object_component>
      <object_component id="oc-2d">
         <name>.debug_info</name>
         <load_address>0xc164</load_address>
         <run_address>0xc164</run_address>
         <size>0xed</size>
         <input_file_ref idref="fl-8"/>
      </object_component>
      <object_component id="oc-76">
         <name>.debug_info</name>
         <load_address>0xc251</load_address>
         <run_address>0xc251</run_address>
         <size>0x150</size>
         <input_file_ref idref="fl-8"/>
      </object_component>
      <object_component id="oc-7c">
         <name>.debug_info</name>
         <load_address>0xc3a1</load_address>
         <run_address>0xc3a1</run_address>
         <size>0x138</size>
         <input_file_ref idref="fl-8"/>
      </object_component>
      <object_component id="oc-285">
         <name>.debug_info</name>
         <load_address>0xc4d9</load_address>
         <run_address>0xc4d9</run_address>
         <size>0x707</size>
         <input_file_ref idref="fl-13"/>
      </object_component>
      <object_component id="oc-282">
         <name>.debug_info</name>
         <load_address>0xcbe0</load_address>
         <run_address>0xcbe0</run_address>
         <size>0x131</size>
         <input_file_ref idref="fl-13"/>
      </object_component>
      <object_component id="oc-23d">
         <name>.debug_info</name>
         <load_address>0xcd11</load_address>
         <run_address>0xcd11</run_address>
         <size>0x28c</size>
         <input_file_ref idref="fl-13"/>
      </object_component>
      <object_component id="oc-2af">
         <name>.debug_info</name>
         <load_address>0xcf9d</load_address>
         <run_address>0xcf9d</run_address>
         <size>0x26b</size>
         <input_file_ref idref="fl-13"/>
      </object_component>
      <object_component id="oc-2aa">
         <name>.debug_info</name>
         <load_address>0xd208</load_address>
         <run_address>0xd208</run_address>
         <size>0x1055</size>
         <input_file_ref idref="fl-13"/>
      </object_component>
      <object_component id="oc-2a5">
         <name>.debug_info</name>
         <load_address>0xe25d</load_address>
         <run_address>0xe25d</run_address>
         <size>0x431a</size>
         <input_file_ref idref="fl-13"/>
      </object_component>
      <object_component id="oc-299">
         <name>.debug_info</name>
         <load_address>0x12577</load_address>
         <run_address>0x12577</run_address>
         <size>0x297</size>
         <input_file_ref idref="fl-13"/>
      </object_component>
      <object_component id="oc-270">
         <name>.debug_info</name>
         <load_address>0x1280e</load_address>
         <run_address>0x1280e</run_address>
         <size>0xef</size>
         <input_file_ref idref="fl-13"/>
      </object_component>
      <object_component id="oc-26b">
         <name>.debug_info</name>
         <load_address>0x128fd</load_address>
         <run_address>0x128fd</run_address>
         <size>0xbb</size>
         <input_file_ref idref="fl-13"/>
      </object_component>
      <object_component id="oc-275">
         <name>.debug_info</name>
         <load_address>0x129b8</load_address>
         <run_address>0x129b8</run_address>
         <size>0x70f</size>
         <input_file_ref idref="fl-14"/>
      </object_component>
      <object_component id="oc-1fa">
         <name>.debug_info</name>
         <load_address>0x130c7</load_address>
         <run_address>0x130c7</run_address>
         <size>0x231</size>
         <input_file_ref idref="fl-14"/>
      </object_component>
      <object_component id="oc-207">
         <name>.debug_info</name>
         <load_address>0x132f8</load_address>
         <run_address>0x132f8</run_address>
         <size>0x201</size>
         <input_file_ref idref="fl-14"/>
      </object_component>
      <object_component id="oc-21f">
         <name>.debug_info</name>
         <load_address>0x134f9</load_address>
         <run_address>0x134f9</run_address>
         <size>0x202</size>
         <input_file_ref idref="fl-14"/>
      </object_component>
      <object_component id="oc-213">
         <name>.debug_info</name>
         <load_address>0x136fb</load_address>
         <run_address>0x136fb</run_address>
         <size>0x24b</size>
         <input_file_ref idref="fl-14"/>
      </object_component>
      <object_component id="oc-28c">
         <name>.debug_info</name>
         <load_address>0x13946</load_address>
         <run_address>0x13946</run_address>
         <size>0x22c</size>
         <input_file_ref idref="fl-14"/>
      </object_component>
      <object_component id="oc-292">
         <name>.debug_info</name>
         <load_address>0x13b72</load_address>
         <run_address>0x13b72</run_address>
         <size>0x234</size>
         <input_file_ref idref="fl-14"/>
      </object_component>
      <object_component id="oc-225">
         <name>.debug_info</name>
         <load_address>0x13da6</load_address>
         <run_address>0x13da6</run_address>
         <size>0x1f8</size>
         <input_file_ref idref="fl-14"/>
      </object_component>
      <object_component id="oc-22b">
         <name>.debug_info</name>
         <load_address>0x13f9e</load_address>
         <run_address>0x13f9e</run_address>
         <size>0x20c</size>
         <input_file_ref idref="fl-14"/>
      </object_component>
      <object_component id="oc-231">
         <name>.debug_info</name>
         <load_address>0x141aa</load_address>
         <run_address>0x141aa</run_address>
         <size>0x210</size>
         <input_file_ref idref="fl-14"/>
      </object_component>
      <object_component id="oc-20d">
         <name>.debug_info</name>
         <load_address>0x143ba</load_address>
         <run_address>0x143ba</run_address>
         <size>0x1e7</size>
         <input_file_ref idref="fl-14"/>
      </object_component>
      <object_component id="oc-244">
         <name>.debug_info</name>
         <load_address>0x145a1</load_address>
         <run_address>0x145a1</run_address>
         <size>0x20f</size>
         <input_file_ref idref="fl-14"/>
      </object_component>
      <object_component id="oc-219">
         <name>.debug_info</name>
         <load_address>0x147b0</load_address>
         <run_address>0x147b0</run_address>
         <size>0x21e</size>
         <input_file_ref idref="fl-14"/>
      </object_component>
      <object_component id="oc-250">
         <name>.debug_info</name>
         <load_address>0x149ce</load_address>
         <run_address>0x149ce</run_address>
         <size>0x1e9</size>
         <input_file_ref idref="fl-14"/>
      </object_component>
      <object_component id="oc-24a">
         <name>.debug_info</name>
         <load_address>0x14bb7</load_address>
         <run_address>0x14bb7</run_address>
         <size>0x1eb</size>
         <input_file_ref idref="fl-14"/>
      </object_component>
      <object_component id="oc-200">
         <name>.debug_info</name>
         <load_address>0x14da2</load_address>
         <run_address>0x14da2</run_address>
         <size>0x21a</size>
         <input_file_ref idref="fl-14"/>
      </object_component>
      <object_component id="oc-2a0">
         <name>.debug_info</name>
         <load_address>0x14fbc</load_address>
         <run_address>0x14fbc</run_address>
         <size>0x9a</size>
         <input_file_ref idref="fl-14"/>
      </object_component>
      <object_component id="oc-27">
         <name>.debug_info</name>
         <load_address>0x15056</load_address>
         <run_address>0x15056</run_address>
         <size>0x160</size>
         <input_file_ref idref="fl-cd"/>
      </object_component>
      <object_component id="oc-a1">
         <name>.debug_info</name>
         <load_address>0x151b6</load_address>
         <run_address>0x151b6</run_address>
         <size>0x293</size>
         <input_file_ref idref="fl-ce"/>
      </object_component>
      <object_component id="oc-15">
         <name>.debug_info</name>
         <load_address>0x15449</load_address>
         <run_address>0x15449</run_address>
         <size>0x245</size>
         <input_file_ref idref="fl-ce"/>
      </object_component>
      <object_component id="oc-31">
         <name>.debug_info</name>
         <load_address>0x1568e</load_address>
         <run_address>0x1568e</run_address>
         <size>0x60</size>
         <input_file_ref idref="fl-ce"/>
      </object_component>
      <object_component id="oc-9c">
         <name>.debug_info</name>
         <load_address>0x156ee</load_address>
         <run_address>0x156ee</run_address>
         <size>0x46</size>
         <input_file_ref idref="fl-ce"/>
      </object_component>
      <object_component id="oc-46">
         <name>.debug_info</name>
         <load_address>0x15734</load_address>
         <run_address>0x15734</run_address>
         <size>0x2da</size>
         <input_file_ref idref="fl-cf"/>
      </object_component>
      <object_component id="oc-1b">
         <name>.debug_info</name>
         <load_address>0x15a0e</load_address>
         <run_address>0x15a0e</run_address>
         <size>0x1df</size>
         <input_file_ref idref="fl-cf"/>
      </object_component>
      <object_component id="oc-41">
         <name>.debug_info</name>
         <load_address>0x15bed</load_address>
         <run_address>0x15bed</run_address>
         <size>0x46</size>
         <input_file_ref idref="fl-cf"/>
      </object_component>
      <object_component id="oc-a3">
         <name>.debug_info</name>
         <load_address>0x15c33</load_address>
         <run_address>0x15c33</run_address>
         <size>0x2c</size>
         <input_file_ref idref="fl-cf"/>
      </object_component>
      <object_component id="oc-52">
         <name>.debug_info</name>
         <load_address>0x15c5f</load_address>
         <run_address>0x15c5f</run_address>
         <size>0x2c9</size>
         <input_file_ref idref="fl-d0"/>
      </object_component>
      <object_component id="oc-21">
         <name>.debug_info</name>
         <load_address>0x15f28</load_address>
         <run_address>0x15f28</run_address>
         <size>0x1aa</size>
         <input_file_ref idref="fl-d0"/>
      </object_component>
      <object_component id="oc-4d">
         <name>.debug_info</name>
         <load_address>0x160d2</load_address>
         <run_address>0x160d2</run_address>
         <size>0x46</size>
         <input_file_ref idref="fl-d0"/>
      </object_component>
      <object_component id="oc-ab">
         <name>.debug_info</name>
         <load_address>0x16118</load_address>
         <run_address>0x16118</run_address>
         <size>0x2c</size>
         <input_file_ref idref="fl-d0"/>
      </object_component>
      <object_component id="oc-d1">
         <name>.debug_info</name>
         <load_address>0x16144</load_address>
         <run_address>0x16144</run_address>
         <size>0x3ce</size>
         <input_file_ref idref="fl-d1"/>
      </object_component>
      <object_component id="oc-cb">
         <name>.debug_info</name>
         <load_address>0x16512</load_address>
         <run_address>0x16512</run_address>
         <size>0x185</size>
         <input_file_ref idref="fl-d1"/>
      </object_component>
      <object_component id="oc-6c">
         <name>.debug_info</name>
         <load_address>0x16697</load_address>
         <run_address>0x16697</run_address>
         <size>0x214</size>
         <input_file_ref idref="fl-d1"/>
      </object_component>
      <object_component id="oc-167">
         <name>.debug_info</name>
         <load_address>0x168ab</load_address>
         <run_address>0x168ab</run_address>
         <size>0x132</size>
         <input_file_ref idref="fl-d2"/>
      </object_component>
      <object_component id="oc-16c">
         <name>.debug_info</name>
         <load_address>0x169dd</load_address>
         <run_address>0x169dd</run_address>
         <size>0x131</size>
         <input_file_ref idref="fl-d3"/>
      </object_component>
      <object_component id="oc-3c">
         <name>.debug_info</name>
         <load_address>0x16b0e</load_address>
         <run_address>0x16b0e</run_address>
         <size>0x111</size>
         <input_file_ref idref="fl-d4"/>
      </object_component>
      <object_component id="oc-48">
         <name>.debug_info</name>
         <load_address>0x16c1f</load_address>
         <run_address>0x16c1f</run_address>
         <size>0x13f</size>
         <input_file_ref idref="fl-d5"/>
      </object_component>
      <object_component id="oc-54">
         <name>.debug_info</name>
         <load_address>0x16d5e</load_address>
         <run_address>0x16d5e</run_address>
         <size>0x138</size>
         <input_file_ref idref="fl-d6"/>
      </object_component>
      <object_component id="oc-5a">
         <name>.debug_info</name>
         <load_address>0x16e96</load_address>
         <run_address>0x16e96</run_address>
         <size>0x148</size>
         <input_file_ref idref="fl-d7"/>
      </object_component>
      <object_component id="oc-72">
         <name>.debug_info</name>
         <load_address>0x16fde</load_address>
         <run_address>0x16fde</run_address>
         <size>0x109</size>
         <input_file_ref idref="fl-d8"/>
      </object_component>
      <object_component id="oc-162">
         <name>.debug_info</name>
         <load_address>0x170e7</load_address>
         <run_address>0x170e7</run_address>
         <size>0x126</size>
         <input_file_ref idref="fl-d9"/>
      </object_component>
      <object_component id="oc-148">
         <name>.debug_info</name>
         <load_address>0x1720d</load_address>
         <run_address>0x1720d</run_address>
         <size>0x2be</size>
         <input_file_ref idref="fl-da"/>
      </object_component>
      <object_component id="oc-ce">
         <name>.debug_info</name>
         <load_address>0x174cb</load_address>
         <run_address>0x174cb</run_address>
         <size>0x113</size>
         <input_file_ref idref="fl-da"/>
      </object_component>
      <object_component id="oc-141">
         <name>.debug_info</name>
         <load_address>0x175de</load_address>
         <run_address>0x175de</run_address>
         <size>0x21f</size>
         <input_file_ref idref="fl-da"/>
      </object_component>
      <object_component id="oc-c9">
         <name>.debug_info</name>
         <load_address>0x177fd</load_address>
         <run_address>0x177fd</run_address>
         <size>0x300</size>
         <input_file_ref idref="fl-db"/>
      </object_component>
      <object_component id="oc-66">
         <name>.debug_info</name>
         <load_address>0x17afd</load_address>
         <run_address>0x17afd</run_address>
         <size>0x167</size>
         <input_file_ref idref="fl-db"/>
      </object_component>
      <object_component id="oc-139">
         <name>.debug_info</name>
         <load_address>0x17c64</load_address>
         <run_address>0x17c64</run_address>
         <size>0x5e</size>
         <input_file_ref idref="fl-db"/>
      </object_component>
      <object_component id="oc-c1">
         <name>.debug_info</name>
         <load_address>0x17cc2</load_address>
         <run_address>0x17cc2</run_address>
         <size>0x483</size>
         <input_file_ref idref="fl-dc"/>
      </object_component>
      <object_component id="oc-60">
         <name>.debug_info</name>
         <load_address>0x18145</load_address>
         <run_address>0x18145</run_address>
         <size>0x190</size>
         <input_file_ref idref="fl-dc"/>
      </object_component>
      <object_component id="oc-108">
         <name>.debug_info</name>
         <load_address>0x182d5</load_address>
         <run_address>0x182d5</run_address>
         <size>0x39</size>
         <input_file_ref idref="fl-dc"/>
      </object_component>
      <object_component id="oc-1c1">
         <name>.debug_info</name>
         <load_address>0x1830e</load_address>
         <run_address>0x1830e</run_address>
         <size>0x39</size>
         <input_file_ref idref="fl-dc"/>
      </object_component>
      <object_component id="oc-10d">
         <name>.debug_info</name>
         <load_address>0x18347</load_address>
         <run_address>0x18347</run_address>
         <size>0xcd</size>
         <input_file_ref idref="fl-dc"/>
      </object_component>
      <object_component id="oc-104">
         <name>.debug_info</name>
         <load_address>0x18414</load_address>
         <run_address>0x18414</run_address>
         <size>0x37a</size>
         <input_file_ref idref="fl-dd"/>
      </object_component>
      <object_component id="oc-b5">
         <name>.debug_info</name>
         <load_address>0x1878e</load_address>
         <run_address>0x1878e</run_address>
         <size>0x183</size>
         <input_file_ref idref="fl-dd"/>
      </object_component>
      <object_component id="oc-1bc">
         <name>.debug_info</name>
         <load_address>0x18911</load_address>
         <run_address>0x18911</run_address>
         <size>0x2c</size>
         <input_file_ref idref="fl-dd"/>
      </object_component>
      <object_component id="oc-bb">
         <name>.debug_info</name>
         <load_address>0x1893d</load_address>
         <run_address>0x1893d</run_address>
         <size>0x145</size>
         <input_file_ref idref="fl-de"/>
      </object_component>
      <object_component id="oc-2e4">
         <name>.debug_info</name>
         <load_address>0x18a82</load_address>
         <run_address>0x18a82</run_address>
         <size>0x98</size>
      </object_component>
      <object_component id="oc-280">
         <name>.debug_line</name>
         <load_address>0x0</load_address>
         <run_address>0x0</run_address>
         <size>0xfb</size>
         <input_file_ref idref="fl-2"/>
      </object_component>
      <object_component id="oc-28a">
         <name>.debug_line</name>
         <load_address>0xfb</load_address>
         <run_address>0xfb</run_address>
         <size>0x32</size>
         <input_file_ref idref="fl-2"/>
      </object_component>
      <object_component id="oc-1ca">
         <name>.debug_line</name>
         <load_address>0x12d</load_address>
         <run_address>0x12d</run_address>
         <size>0x4a</size>
         <input_file_ref idref="fl-2"/>
      </object_component>
      <object_component id="oc-1d0">
         <name>.debug_line</name>
         <load_address>0x177</load_address>
         <run_address>0x177</run_address>
         <size>0x4d</size>
         <input_file_ref idref="fl-2"/>
      </object_component>
      <object_component id="oc-157">
         <name>.debug_line</name>
         <load_address>0x1c4</load_address>
         <run_address>0x1c4</run_address>
         <size>0x6c</size>
         <input_file_ref idref="fl-2"/>
      </object_component>
      <object_component id="oc-25d">
         <name>.debug_line</name>
         <load_address>0x230</load_address>
         <run_address>0x230</run_address>
         <size>0x4f</size>
         <input_file_ref idref="fl-2"/>
      </object_component>
      <object_component id="oc-151">
         <name>.debug_line</name>
         <load_address>0x27f</load_address>
         <run_address>0x27f</run_address>
         <size>0x4c</size>
         <input_file_ref idref="fl-2"/>
      </object_component>
      <object_component id="oc-176">
         <name>.debug_line</name>
         <load_address>0x2cb</load_address>
         <run_address>0x2cb</run_address>
         <size>0x8c</size>
         <input_file_ref idref="fl-2"/>
      </object_component>
      <object_component id="oc-17b">
         <name>.debug_line</name>
         <load_address>0x357</load_address>
         <run_address>0x357</run_address>
         <size>0x8f</size>
         <input_file_ref idref="fl-2"/>
      </object_component>
      <object_component id="oc-18a">
         <name>.debug_line</name>
         <load_address>0x3e6</load_address>
         <run_address>0x3e6</run_address>
         <size>0x90</size>
         <input_file_ref idref="fl-2"/>
      </object_component>
      <object_component id="oc-18f">
         <name>.debug_line</name>
         <load_address>0x476</load_address>
         <run_address>0x476</run_address>
         <size>0x92</size>
         <input_file_ref idref="fl-2"/>
      </object_component>
      <object_component id="oc-194">
         <name>.debug_line</name>
         <load_address>0x508</load_address>
         <run_address>0x508</run_address>
         <size>0x90</size>
         <input_file_ref idref="fl-2"/>
      </object_component>
      <object_component id="oc-199">
         <name>.debug_line</name>
         <load_address>0x598</load_address>
         <run_address>0x598</run_address>
         <size>0x8d</size>
         <input_file_ref idref="fl-2"/>
      </object_component>
      <object_component id="oc-19e">
         <name>.debug_line</name>
         <load_address>0x625</load_address>
         <run_address>0x625</run_address>
         <size>0x8f</size>
         <input_file_ref idref="fl-2"/>
      </object_component>
      <object_component id="oc-1a3">
         <name>.debug_line</name>
         <load_address>0x6b4</load_address>
         <run_address>0x6b4</run_address>
         <size>0x91</size>
         <input_file_ref idref="fl-2"/>
      </object_component>
      <object_component id="oc-ea">
         <name>.debug_line</name>
         <load_address>0x745</load_address>
         <run_address>0x745</run_address>
         <size>0x20</size>
         <input_file_ref idref="fl-2"/>
      </object_component>
      <object_component id="oc-15d">
         <name>.debug_line</name>
         <load_address>0x765</load_address>
         <run_address>0x765</run_address>
         <size>0x79</size>
         <input_file_ref idref="fl-2"/>
      </object_component>
      <object_component id="oc-1ad">
         <name>.debug_line</name>
         <load_address>0x7de</load_address>
         <run_address>0x7de</run_address>
         <size>0x8d</size>
         <input_file_ref idref="fl-2"/>
      </object_component>
      <object_component id="oc-1b2">
         <name>.debug_line</name>
         <load_address>0x86b</load_address>
         <run_address>0x86b</run_address>
         <size>0x8e</size>
         <input_file_ref idref="fl-2"/>
      </object_component>
      <object_component id="oc-1b7">
         <name>.debug_line</name>
         <load_address>0x8f9</load_address>
         <run_address>0x8f9</run_address>
         <size>0x8d</size>
         <input_file_ref idref="fl-2"/>
      </object_component>
      <object_component id="oc-1d6">
         <name>.debug_line</name>
         <load_address>0x986</load_address>
         <run_address>0x986</run_address>
         <size>0x4e</size>
         <input_file_ref idref="fl-3"/>
      </object_component>
      <object_component id="oc-e1">
         <name>.debug_line</name>
         <load_address>0x9d4</load_address>
         <run_address>0x9d4</run_address>
         <size>0x7e</size>
         <input_file_ref idref="fl-3"/>
      </object_component>
      <object_component id="oc-39">
         <name>.debug_line</name>
         <load_address>0xa52</load_address>
         <run_address>0xa52</run_address>
         <size>0x20</size>
         <input_file_ref idref="fl-3"/>
      </object_component>
      <object_component id="oc-172">
         <name>.debug_line</name>
         <load_address>0xa72</load_address>
         <run_address>0xa72</run_address>
         <size>0x53</size>
         <input_file_ref idref="fl-4"/>
      </object_component>
      <object_component id="oc-160">
         <name>.debug_line</name>
         <load_address>0xac5</load_address>
         <run_address>0xac5</run_address>
         <size>0x2f</size>
         <input_file_ref idref="fl-4"/>
      </object_component>
      <object_component id="oc-1e5">
         <name>.debug_line</name>
         <load_address>0xaf4</load_address>
         <run_address>0xaf4</run_address>
         <size>0xa7</size>
         <input_file_ref idref="fl-4"/>
      </object_component>
      <object_component id="oc-fc">
         <name>.debug_line</name>
         <load_address>0xb9b</load_address>
         <run_address>0xb9b</run_address>
         <size>0xa9</size>
         <input_file_ref idref="fl-4"/>
      </object_component>
      <object_component id="oc-1df">
         <name>.debug_line</name>
         <load_address>0xc44</load_address>
         <run_address>0xc44</run_address>
         <size>0xad</size>
         <input_file_ref idref="fl-4"/>
      </object_component>
      <object_component id="oc-12e">
         <name>.debug_line</name>
         <load_address>0xcf1</load_address>
         <run_address>0xcf1</run_address>
         <size>0x59</size>
         <input_file_ref idref="fl-4"/>
      </object_component>
      <object_component id="oc-1f3">
         <name>.debug_line</name>
         <load_address>0xd4a</load_address>
         <run_address>0xd4a</run_address>
         <size>0x64</size>
         <input_file_ref idref="fl-4"/>
      </object_component>
      <object_component id="oc-1ed">
         <name>.debug_line</name>
         <load_address>0xdae</load_address>
         <run_address>0xdae</run_address>
         <size>0x6d</size>
         <input_file_ref idref="fl-4"/>
      </object_component>
      <object_component id="oc-134">
         <name>.debug_line</name>
         <load_address>0xe1b</load_address>
         <run_address>0xe1b</run_address>
         <size>0x50</size>
         <input_file_ref idref="fl-4"/>
      </object_component>
      <object_component id="oc-116">
         <name>.debug_line</name>
         <load_address>0xe6b</load_address>
         <run_address>0xe6b</run_address>
         <size>0x5f</size>
         <input_file_ref idref="fl-4"/>
      </object_component>
      <object_component id="oc-128">
         <name>.debug_line</name>
         <load_address>0xeca</load_address>
         <run_address>0xeca</run_address>
         <size>0x4c</size>
         <input_file_ref idref="fl-4"/>
      </object_component>
      <object_component id="oc-11c">
         <name>.debug_line</name>
         <load_address>0xf16</load_address>
         <run_address>0xf16</run_address>
         <size>0x46</size>
         <input_file_ref idref="fl-4"/>
      </object_component>
      <object_component id="oc-267">
         <name>.debug_line</name>
         <load_address>0xf5c</load_address>
         <run_address>0xf5c</run_address>
         <size>0x4a</size>
         <input_file_ref idref="fl-4"/>
      </object_component>
      <object_component id="oc-122">
         <name>.debug_line</name>
         <load_address>0xfa6</load_address>
         <run_address>0xfa6</run_address>
         <size>0x4d</size>
         <input_file_ref idref="fl-4"/>
      </object_component>
      <object_component id="oc-f1">
         <name>.debug_line</name>
         <load_address>0xff3</load_address>
         <run_address>0xff3</run_address>
         <size>0x5a</size>
         <input_file_ref idref="fl-4"/>
      </object_component>
      <object_component id="oc-c6">
         <name>.debug_line</name>
         <load_address>0x104d</load_address>
         <run_address>0x104d</run_address>
         <size>0x4c</size>
         <input_file_ref idref="fl-4"/>
      </object_component>
      <object_component id="oc-97">
         <name>.debug_line</name>
         <load_address>0x1099</load_address>
         <run_address>0x1099</run_address>
         <size>0x5e</size>
         <input_file_ref idref="fl-4"/>
      </object_component>
      <object_component id="oc-8b">
         <name>.debug_line</name>
         <load_address>0x10f7</load_address>
         <run_address>0x10f7</run_address>
         <size>0x57</size>
         <input_file_ref idref="fl-4"/>
      </object_component>
      <object_component id="oc-91">
         <name>.debug_line</name>
         <load_address>0x114e</load_address>
         <run_address>0x114e</run_address>
         <size>0x5b</size>
         <input_file_ref idref="fl-4"/>
      </object_component>
      <object_component id="oc-85">
         <name>.debug_line</name>
         <load_address>0x11a9</load_address>
         <run_address>0x11a9</run_address>
         <size>0x59</size>
         <input_file_ref idref="fl-4"/>
      </object_component>
      <object_component id="oc-180">
         <name>.debug_line</name>
         <load_address>0x1202</load_address>
         <run_address>0x1202</run_address>
         <size>0x78</size>
         <input_file_ref idref="fl-4"/>
      </object_component>
      <object_component id="oc-185">
         <name>.debug_line</name>
         <load_address>0x127a</load_address>
         <run_address>0x127a</run_address>
         <size>0x78</size>
         <input_file_ref idref="fl-4"/>
      </object_component>
      <object_component id="oc-1a8">
         <name>.debug_line</name>
         <load_address>0x12f2</load_address>
         <run_address>0x12f2</run_address>
         <size>0x79</size>
         <input_file_ref idref="fl-4"/>
      </object_component>
      <object_component id="oc-d9">
         <name>.debug_line</name>
         <load_address>0x136b</load_address>
         <run_address>0x136b</run_address>
         <size>0x66</size>
         <input_file_ref idref="fl-5"/>
      </object_component>
      <object_component id="oc-100">
         <name>.debug_line</name>
         <load_address>0x13d1</load_address>
         <run_address>0x13d1</run_address>
         <size>0x44</size>
         <input_file_ref idref="fl-8"/>
      </object_component>
      <object_component id="oc-9a">
         <name>.debug_line</name>
         <load_address>0x1415</load_address>
         <run_address>0x1415</run_address>
         <size>0x44</size>
         <input_file_ref idref="fl-8"/>
      </object_component>
      <object_component id="oc-79">
         <name>.debug_line</name>
         <load_address>0x1459</load_address>
         <run_address>0x1459</run_address>
         <size>0x5d</size>
         <input_file_ref idref="fl-8"/>
      </object_component>
      <object_component id="oc-7f">
         <name>.debug_line</name>
         <load_address>0x14b6</load_address>
         <run_address>0x14b6</run_address>
         <size>0x59</size>
         <input_file_ref idref="fl-8"/>
      </object_component>
      <object_component id="oc-2b7">
         <name>.debug_line</name>
         <load_address>0x150f</load_address>
         <run_address>0x150f</run_address>
         <size>0x56</size>
         <input_file_ref idref="fl-13"/>
      </object_component>
      <object_component id="oc-2b5">
         <name>.debug_line</name>
         <load_address>0x1565</load_address>
         <run_address>0x1565</run_address>
         <size>0x51</size>
         <input_file_ref idref="fl-13"/>
      </object_component>
      <object_component id="oc-240">
         <name>.debug_line</name>
         <load_address>0x15b6</load_address>
         <run_address>0x15b6</run_address>
         <size>0x77</size>
         <input_file_ref idref="fl-13"/>
      </object_component>
      <object_component id="oc-2b2">
         <name>.debug_line</name>
         <load_address>0x162d</load_address>
         <run_address>0x162d</run_address>
         <size>0x62</size>
         <input_file_ref idref="fl-13"/>
      </object_component>
      <object_component id="oc-2ad">
         <name>.debug_line</name>
         <load_address>0x168f</load_address>
         <run_address>0x168f</run_address>
         <size>0x4f</size>
         <input_file_ref idref="fl-13"/>
      </object_component>
      <object_component id="oc-2a8">
         <name>.debug_line</name>
         <load_address>0x16de</load_address>
         <run_address>0x16de</run_address>
         <size>0x51</size>
         <input_file_ref idref="fl-13"/>
      </object_component>
      <object_component id="oc-29c">
         <name>.debug_line</name>
         <load_address>0x172f</load_address>
         <run_address>0x172f</run_address>
         <size>0x66</size>
         <input_file_ref idref="fl-13"/>
      </object_component>
      <object_component id="oc-273">
         <name>.debug_line</name>
         <load_address>0x1795</load_address>
         <run_address>0x1795</run_address>
         <size>0x62</size>
         <input_file_ref idref="fl-13"/>
      </object_component>
      <object_component id="oc-26e">
         <name>.debug_line</name>
         <load_address>0x17f7</load_address>
         <run_address>0x17f7</run_address>
         <size>0x63</size>
         <input_file_ref idref="fl-13"/>
      </object_component>
      <object_component id="oc-29f">
         <name>.debug_line</name>
         <load_address>0x185a</load_address>
         <run_address>0x185a</run_address>
         <size>0x56</size>
         <input_file_ref idref="fl-14"/>
      </object_component>
      <object_component id="oc-1fd">
         <name>.debug_line</name>
         <load_address>0x18b0</load_address>
         <run_address>0x18b0</run_address>
         <size>0x65</size>
         <input_file_ref idref="fl-14"/>
      </object_component>
      <object_component id="oc-20a">
         <name>.debug_line</name>
         <load_address>0x1915</load_address>
         <run_address>0x1915</run_address>
         <size>0x65</size>
         <input_file_ref idref="fl-14"/>
      </object_component>
      <object_component id="oc-222">
         <name>.debug_line</name>
         <load_address>0x197a</load_address>
         <run_address>0x197a</run_address>
         <size>0x6b</size>
         <input_file_ref idref="fl-14"/>
      </object_component>
      <object_component id="oc-216">
         <name>.debug_line</name>
         <load_address>0x19e5</load_address>
         <run_address>0x19e5</run_address>
         <size>0x79</size>
         <input_file_ref idref="fl-14"/>
      </object_component>
      <object_component id="oc-28f">
         <name>.debug_line</name>
         <load_address>0x1a5e</load_address>
         <run_address>0x1a5e</run_address>
         <size>0x6b</size>
         <input_file_ref idref="fl-14"/>
      </object_component>
      <object_component id="oc-295">
         <name>.debug_line</name>
         <load_address>0x1ac9</load_address>
         <run_address>0x1ac9</run_address>
         <size>0x77</size>
         <input_file_ref idref="fl-14"/>
      </object_component>
      <object_component id="oc-228">
         <name>.debug_line</name>
         <load_address>0x1b40</load_address>
         <run_address>0x1b40</run_address>
         <size>0x65</size>
         <input_file_ref idref="fl-14"/>
      </object_component>
      <object_component id="oc-22e">
         <name>.debug_line</name>
         <load_address>0x1ba5</load_address>
         <run_address>0x1ba5</run_address>
         <size>0x65</size>
         <input_file_ref idref="fl-14"/>
      </object_component>
      <object_component id="oc-234">
         <name>.debug_line</name>
         <load_address>0x1c0a</load_address>
         <run_address>0x1c0a</run_address>
         <size>0x6f</size>
         <input_file_ref idref="fl-14"/>
      </object_component>
      <object_component id="oc-210">
         <name>.debug_line</name>
         <load_address>0x1c79</load_address>
         <run_address>0x1c79</run_address>
         <size>0x65</size>
         <input_file_ref idref="fl-14"/>
      </object_component>
      <object_component id="oc-247">
         <name>.debug_line</name>
         <load_address>0x1cde</load_address>
         <run_address>0x1cde</run_address>
         <size>0x68</size>
         <input_file_ref idref="fl-14"/>
      </object_component>
      <object_component id="oc-21c">
         <name>.debug_line</name>
         <load_address>0x1d46</load_address>
         <run_address>0x1d46</run_address>
         <size>0x65</size>
         <input_file_ref idref="fl-14"/>
      </object_component>
      <object_component id="oc-253">
         <name>.debug_line</name>
         <load_address>0x1dab</load_address>
         <run_address>0x1dab</run_address>
         <size>0x62</size>
         <input_file_ref idref="fl-14"/>
      </object_component>
      <object_component id="oc-24d">
         <name>.debug_line</name>
         <load_address>0x1e0d</load_address>
         <run_address>0x1e0d</run_address>
         <size>0x65</size>
         <input_file_ref idref="fl-14"/>
      </object_component>
      <object_component id="oc-203">
         <name>.debug_line</name>
         <load_address>0x1e72</load_address>
         <run_address>0x1e72</run_address>
         <size>0x65</size>
         <input_file_ref idref="fl-14"/>
      </object_component>
      <object_component id="oc-2a3">
         <name>.debug_line</name>
         <load_address>0x1ed7</load_address>
         <run_address>0x1ed7</run_address>
         <size>0x50</size>
         <input_file_ref idref="fl-14"/>
      </object_component>
      <object_component id="oc-2a">
         <name>.debug_line</name>
         <load_address>0x1f27</load_address>
         <run_address>0x1f27</run_address>
         <size>0x53</size>
         <input_file_ref idref="fl-cd"/>
      </object_component>
      <object_component id="oc-102">
         <name>.debug_line</name>
         <load_address>0x1f7a</load_address>
         <run_address>0x1f7a</run_address>
         <size>0x20</size>
         <input_file_ref idref="fl-ce"/>
      </object_component>
      <object_component id="oc-18">
         <name>.debug_line</name>
         <load_address>0x1f9a</load_address>
         <run_address>0x1f9a</run_address>
         <size>0xa9</size>
         <input_file_ref idref="fl-ce"/>
      </object_component>
      <object_component id="oc-34">
         <name>.debug_line</name>
         <load_address>0x2043</load_address>
         <run_address>0x2043</run_address>
         <size>0x3a</size>
         <input_file_ref idref="fl-ce"/>
      </object_component>
      <object_component id="oc-9f">
         <name>.debug_line</name>
         <load_address>0x207d</load_address>
         <run_address>0x207d</run_address>
         <size>0x8a</size>
         <input_file_ref idref="fl-ce"/>
      </object_component>
      <object_component id="oc-a9">
         <name>.debug_line</name>
         <load_address>0x2107</load_address>
         <run_address>0x2107</run_address>
         <size>0x8a</size>
         <input_file_ref idref="fl-cf"/>
      </object_component>
      <object_component id="oc-1e">
         <name>.debug_line</name>
         <load_address>0x2191</load_address>
         <run_address>0x2191</run_address>
         <size>0x55</size>
         <input_file_ref idref="fl-cf"/>
      </object_component>
      <object_component id="oc-44">
         <name>.debug_line</name>
         <load_address>0x21e6</load_address>
         <run_address>0x21e6</run_address>
         <size>0x3a</size>
         <input_file_ref idref="fl-cf"/>
      </object_component>
      <object_component id="oc-a6">
         <name>.debug_line</name>
         <load_address>0x2220</load_address>
         <run_address>0x2220</run_address>
         <size>0x8a</size>
         <input_file_ref idref="fl-cf"/>
      </object_component>
      <object_component id="oc-b1">
         <name>.debug_line</name>
         <load_address>0x22aa</load_address>
         <run_address>0x22aa</run_address>
         <size>0x8a</size>
         <input_file_ref idref="fl-d0"/>
      </object_component>
      <object_component id="oc-24">
         <name>.debug_line</name>
         <load_address>0x2334</load_address>
         <run_address>0x2334</run_address>
         <size>0x4f</size>
         <input_file_ref idref="fl-d0"/>
      </object_component>
      <object_component id="oc-50">
         <name>.debug_line</name>
         <load_address>0x2383</load_address>
         <run_address>0x2383</run_address>
         <size>0x34</size>
         <input_file_ref idref="fl-d0"/>
      </object_component>
      <object_component id="oc-ae">
         <name>.debug_line</name>
         <load_address>0x23b7</load_address>
         <run_address>0x23b7</run_address>
         <size>0x8a</size>
         <input_file_ref idref="fl-d0"/>
      </object_component>
      <object_component id="oc-14b">
         <name>.debug_line</name>
         <load_address>0x2441</load_address>
[...]
         <value>0x1e1</value>
         <object_component_ref idref="oc-dd"/>
      </symbol>
      <symbol id="sm-217">
         <name>g_iSamplesArray</name>
         <value>0x2000004c</value>
      </symbol>
      <symbol id="sm-218">
         <name>T32_INT2_IRQHandler</name>
         <value>0x8e5</value>
         <object_component_ref idref="oc-8d"/>
      </symbol>
      <symbol id="sm-219">
         <name>g_bInitialState</name>
         <value>0x2000000c</value>
         <object_component_ref idref="oc-e3"/>
      </symbol>
      <symbol id="sm-21a">
         <name>g_u16AdcResult</name>
         <value>0x20000024</value>
         <object_component_ref idref="oc-e3"/>
      </symbol>
      <symbol id="sm-21b">
         <name>_Z5Startv</name>
         <value>0x72d</value>
         <object_component_ref idref="oc-12a"/>
      </symbol>
      <symbol id="sm-21c">
         <name>g_u32MinSound</name>
         <value>0x20000030</value>
         <object_component_ref idref="oc-e3"/>
      </symbol>
      <symbol id="sm-21d">
         <name>g_bStartFlag</name>
         <value>0x20000015</value>
         <object_component_ref idref="oc-e3"/>
      </symbol>
      <symbol id="sm-21e">
         <name>g_fLightLevel</name>
         <value>0x2000001c</value>
         <object_component_ref idref="oc-e3"/>
      </symbol>
      <symbol id="sm-21f">
         <name>_Z10TurnOnTimev</name>
         <value>0x421</value>
         <object_component_ref idref="oc-1e9"/>
      </symbol>
      <symbol id="sm-220">
         <name>g_iButtonState</name>
         <value>0x20000020</value>
         <object_component_ref idref="oc-e3"/>
      </symbol>
      <symbol id="sm-221">
         <name>_Z21ADC_MIC_CONFIGURATIONv</name>
         <value>0x941</value>
         <object_component_ref idref="oc-11e"/>
      </symbol>
      <symbol id="sm-222">
         <name>_Z14InterruptSetupv</name>
         <value>0xde5</value>
         <object_component_ref idref="oc-124"/>
      </symbol>
      <symbol id="sm-223">
         <name>g_bPoweringCondition</name>
         <value>0x20000014</value>
         <object_component_ref idref="oc-e3"/>
      </symbol>
      <symbol id="sm-224">
         <name>_Z14AuthomaticModev</name>
         <value>0xefd</value>
         <object_component_ref idref="oc-130"/>
      </symbol>
      <symbol id="sm-225">
         <name>main</name>
         <value>0xea5</value>
         <object_component_ref idref="oc-c2"/>
      </symbol>
      <symbol id="sm-226">
         <name>g_u32Average</name>
         <value>0x2000002c</value>
         <object_component_ref idref="oc-e3"/>
      </symbol>
      <symbol id="sm-227">
         <name>ADC14_IRQHandler</name>
         <value>0x6b9</value>
         <object_component_ref idref="oc-81"/>
      </symbol>
      <symbol id="sm-228">
         <name>g_bLampState</name>
         <value>0x20000000</value>
         <object_component_ref idref="oc-e3"/>
      </symbol>
      <symbol id="sm-229">
         <name>g_iPoweringCounter</name>
         <value>0x20000018</value>
         <object_component_ref idref="oc-e3"/>
      </symbol>
      <symbol id="sm-22a">
         <name>_Z11TurnOffTimev</name>
         <value>0x541</value>
         <object_component_ref idref="oc-1ef"/>
      </symbol>
      <symbol id="sm-22b">
         <name>_Z8checkADCPi</name>
         <value>0x811</value>
         <object_component_ref idref="oc-ed"/>
      </symbol>
      <symbol id="sm-22c">
         <name>g_u32Index</name>
         <value>0x20000028</value>
         <object_component_ref idref="oc-e3"/>
      </symbol>
      <symbol id="sm-22d">
         <name>g_fInitialLight</name>
         <value>0x20000008</value>
         <object_component_ref idref="oc-e3"/>
      </symbol>
      <symbol id="sm-22e">
         <name>g_iStartCounter</name>
         <value>0x20000004</value>
         <object_component_ref idref="oc-e3"/>
      </symbol>
      <symbol id="sm-22f">
         <name>_Z13TimerConfigs2v</name>
         <value>0xe15</value>
         <object_component_ref idref="oc-263"/>
      </symbol>
      <symbol id="sm-230">
         <name>g_iLampAmount</name>
         <value>0x20000010</value>
         <object_component_ref idref="oc-e3"/>
      </symbol>
      <symbol id="sm-231">
         <name>T32_INT1_IRQHandler</name>
         <value>0xc15</value>
         <object_component_ref idref="oc-87"/>
      </symbol>
      <symbol id="sm-232">
         <name>_Z5Setupv</name>
         <value>0x2b9</value>
         <object_component_ref idref="oc-112"/>
      </symbol>
      <symbol id="sm-233">
         <name>_Z13TimerConfigs1v</name>
         <value>0xee1</value>
         <object_component_ref idref="oc-118"/>
      </symbol>
      <symbol id="sm-234">
         <name>PORT3_IRQHandler</name>
         <value>0x9f1</value>
         <object_component_ref idref="oc-93"/>
      </symbol>
      <symbol id="sm-247">
         <name>SystemInit</name>
         <value>0x641</value>
         <object_component_ref idref="oc-d5"/>
      </symbol>
      <symbol id="sm-265">
         <name>Reset_Handler</name>
         <value>0xfd7</value>
         <object_component_ref idref="oc-75"/>
      </symbol>
      <symbol id="sm-266">
         <name>Default_Handler</name>
         <value>0x63f</value>
         <object_component_ref idref="oc-7b"/>
      </symbol>
      <symbol id="sm-267">
         <name>interruptVectors</name>
         <value>0x0</value>
         <object_component_ref idref="oc-2c"/>
      </symbol>
      <symbol id="sm-2a0">
         <name>GPIO_setAsPeripheralModuleFunctionOutputPin</name>
         <value>0xaed</value>
         <object_component_ref idref="oc-23c"/>
      </symbol>
      <symbol id="sm-33d">
         <name>I2C_masterSendMultiByteStop</name>
         <value>0xd85</value>
         <object_component_ref idref="oc-21e"/>
      </symbol>
      <symbol id="sm-33e">
         <name>I2C_masterSendMultiByteFinish</name>
         <value>0x99d</value>
         <object_component_ref idref="oc-291"/>
      </symbol>
      <symbol id="sm-33f">
         <name>I2C_masterSendMultiByteNext</name>
         <value>0xe41</value>
         <object_component_ref idref="oc-28b"/>
      </symbol>
      <symbol id="sm-340">
         <name>I2C_masterSendMultiByteStart</name>
         <value>0xc9d</value>
         <object_component_ref idref="oc-212"/>
      </symbol>
      <symbol id="sm-341">
         <name>I2C_masterReceiveMultiByteNext</name>
         <value>0xff5</value>
         <object_component_ref idref="oc-22a"/>
      </symbol>
      <symbol id="sm-342">
         <name>I2C_getInterruptStatus</name>
         <value>0xfef</value>
         <object_component_ref idref="oc-218"/>
      </symbol>
      <symbol id="sm-343">
         <name>I2C_setMode</name>
         <value>0xfa3</value>
         <object_component_ref idref="oc-206"/>
      </symbol>
      <symbol id="sm-344">
         <name>I2C_isBusBusy</name>
         <value>0xf49</value>
         <object_component_ref idref="oc-20c"/>
      </symbol>
      <symbol id="sm-345">
         <name>I2C_masterReceiveMultiByteFinish</name>
         <value>0xd55</value>
         <object_component_ref idref="oc-230"/>
      </symbol>
      <symbol id="sm-346">
         <name>I2C_enableModule</name>
         <value>0xfcb</value>
         <object_component_ref idref="oc-24f"/>
      </symbol>
      <symbol id="sm-347">
         <name>I2C_masterReceiveStart</name>
         <value>0xf85</value>
         <object_component_ref idref="oc-224"/>
      </symbol>
      <symbol id="sm-348">
         <name>I2C_clearInterruptFlag</name>
         <value>0xf95</value>
         <object_component_ref idref="oc-1ff"/>
      </symbol>
      <symbol id="sm-349">
         <name>I2C_setSlaveAddress</name>
         <value>0xffb</value>
         <object_component_ref idref="oc-1f9"/>
      </symbol>
      <symbol id="sm-34a">
         <name>I2C_initMaster</name>
         <value>0xcdd</value>
         <object_component_ref idref="oc-243"/>
      </symbol>
      <symbol id="sm-34b">
         <name>I2C_disableModule</name>
         <value>0xfbf</value>
         <object_component_ref idref="oc-249"/>
      </symbol>
      <symbol id="sm-35f">
         <name>_c_int00</name>
         <value>0xa45</value>
         <object_component_ref idref="oc-26"/>
      </symbol>
      <symbol id="sm-360">
         <name>__stack</name>
         <value>0x2000fe00</value>
         <object_component_ref idref="oc-2f"/>
      </symbol>
      <symbol id="sm-37e">
         <name>__TI_decompress_lzss</name>
         <value>0x87d</value>
         <object_component_ref idref="oc-14"/>
      </symbol>
      <symbol id="sm-395">
         <name>__TI_decompress_none</name>
         <value>0xfb1</value>
         <object_component_ref idref="oc-1a"/>
      </symbol>
      <symbol id="sm-3ac">
         <name>__TI_zero_init</name>
         <value>0xfe3</value>
         <object_component_ref idref="oc-20"/>
      </symbol>
      <symbol id="sm-3cd">
         <name>C$$EXIT</name>
         <value>0xa99</value>
         <object_component_ref idref="oc-6b"/>
      </symbol>
      <symbol id="sm-3ce">
         <name>abort</name>
         <value>0xa9d</value>
         <object_component_ref idref="oc-6b"/>
      </symbol>
      <symbol id="sm-3cf">
         <name>exit</name>
         <value>0xaa5</value>
         <object_component_ref idref="oc-6b"/>
      </symbol>
      <symbol id="sm-3d0">
         <name>__TI_dtors_ptr</name>
         <value>0x20000038</value>
         <object_component_ref idref="oc-ca"/>
      </symbol>
      <symbol id="sm-3d1">
         <name>__TI_cleanup_ptr</name>
         <value>0x20000034</value>
         <object_component_ref idref="oc-ca"/>
      </symbol>
      <symbol id="sm-3d2">
         <name>__TI_enable_exit_profile_output</name>
         <value>0x2000003c</value>
         <object_component_ref idref="oc-ca"/>
      </symbol>
      <symbol id="sm-3dd">
         <name>__aeabi_dmul</name>
         <value>0xe5</value>
         <object_component_ref idref="oc-166"/>
      </symbol>
      <symbol id="sm-3e7">
         <name>__aeabi_d2uiz</name>
         <value>0xc59</value>
         <object_component_ref idref="oc-16b"/>
      </symbol>
      <symbol id="sm-402">
         <name>memcpy</name>
         <value>0x385</value>
         <object_component_ref idref="oc-3b"/>
      </symbol>
      <symbol id="sm-403">
         <name>__aeabi_memcpy</name>
         <value>0x385</value>
         <object_component_ref idref="oc-3b"/>
      </symbol>
      <symbol id="sm-404">
         <name>__aeabi_memcpy8</name>
         <value>0x385</value>
         <object_component_ref idref="oc-3b"/>
      </symbol>
      <symbol id="sm-405">
         <name>__aeabi_memcpy4</name>
         <value>0x385</value>
         <object_component_ref idref="oc-3b"/>
      </symbol>
      <symbol id="sm-414">
         <name>__aeabi_memset</name>
         <value>0x5c7</value>
         <object_component_ref idref="oc-47"/>
      </symbol>
      <symbol id="sm-415">
         <name>memset</name>
         <value>0x5cd</value>
         <object_component_ref idref="oc-47"/>
      </symbol>
      <symbol id="sm-416">
         <name>__aeabi_memset8</name>
         <value>0x5c7</value>
         <object_component_ref idref="oc-47"/>
      </symbol>
      <symbol id="sm-417">
         <name>__aeabi_memset4</name>
         <value>0x5c7</value>
         <object_component_ref idref="oc-47"/>
      </symbol>
      <symbol id="sm-418">
         <name>__aeabi_memclr8</name>
         <value>0x5c5</value>
         <object_component_ref idref="oc-47"/>
      </symbol>
      <symbol id="sm-419">
         <name>__aeabi_memclr4</name>
         <value>0x5c5</value>
         <object_component_ref idref="oc-47"/>
      </symbol>
      <symbol id="sm-41a">
         <name>__aeabi_memclr</name>
         <value>0x5c5</value>
         <object_component_ref idref="oc-47"/>
      </symbol>
      <symbol id="sm-424">
         <name>__mpu_init</name>
         <value>0xd1b</value>
         <object_component_ref idref="oc-53"/>
      </symbol>
      <symbol id="sm-42e">
         <name>_system_pre_init</name>
         <value>0xfff</value>
         <object_component_ref idref="oc-59"/>
      </symbol>
      <symbol id="sm-436">
         <name>main_func_sp</name>
         <value>0x20000048</value>
         <object_component_ref idref="oc-71"/>
      </symbol>
      <symbol id="sm-440">
         <name>__aeabi_ui2d</name>
         <value>0xe85</value>
         <object_component_ref idref="oc-161"/>
      </symbol>
      <symbol id="sm-459">
         <name>_nop</name>
         <value>0xf7f</value>
         <object_component_ref idref="oc-140"/>
      </symbol>
      <symbol id="sm-45a">
         <name>_lock</name>
         <value>0x20000040</value>
         <object_component_ref idref="oc-cd"/>
      </symbol>
      <symbol id="sm-45b">
         <name>_unlock</name>
         <value>0x20000044</value>
         <object_component_ref idref="oc-cd"/>
      </symbol>
      <symbol id="sm-45c">
         <name>_register_lock</name>
         <value>0xf77</value>
         <object_component_ref idref="oc-140"/>
      </symbol>
      <symbol id="sm-45d">
         <name>_register_unlock</name>
         <value>0xf71</value>
         <object_component_ref idref="oc-140"/>
      </symbol>
      <symbol id="sm-471">
         <name>_args_main</name>
         <value>0xf31</value>
         <object_component_ref idref="oc-65"/>
      </symbol>
      <symbol id="sm-49b">
         <name>__TI_auto_init</name>
         <value>0x7a1</value>
         <object_component_ref idref="oc-5f"/>
      </symbol>
      <symbol id="sm-4b5">
         <name>copy_in</name>
         <value>0xb39</value>
         <object_component_ref idref="oc-b4"/>
      </symbol>
      <symbol id="sm-4bf">
         <name>_system_post_cinit</name>
         <value>0xe13</value>
         <object_component_ref idref="oc-ba"/>
      </symbol>
      <symbol id="sm-4c0">
         <name>__TI_static_base__</name>
         <value>0x0</value>
      </symbol>
      <symbol id="sm-4c3">
         <name>SHT$$INIT_ARRAY$$Limit</name>
         <value>0x0</value>
      </symbol>
      <symbol id="sm-4c4">
         <name>SHT$$INIT_ARRAY$$Base</name>
         <value>0x0</value>
      </symbol>
      <symbol id="sm-4c5">
         <name>NMI_Handler</name>
         <value>0x63f</value>
      </symbol>
      <symbol id="sm-4c6">
         <name>HardFault_Handler</name>
         <value>0x63f</value>
      </symbol>
      <symbol id="sm-4c7">
         <name>MemManage_Handler</name>
         <value>0x63f</value>
      </symbol>
      <symbol id="sm-4c8">
         <name>BusFault_Handler</name>
         <value>0x63f</value>
      </symbol>
      <symbol id="sm-4c9">
         <name>UsageFault_Handler</name>
         <value>0x63f</value>
      </symbol>
      <symbol id="sm-4ca">
         <name>SVC_Handler</name>
         <value>0x63f</value>
      </symbol>
      <symbol id="sm-4cb">
         <name>DebugMon_Handler</name>
         <value>0x63f</value>
      </symbol>
      <symbol id="sm-4cc">
         <name>PendSV_Handler</name>
         <value>0x63f</value>
      </symbol>
      <symbol id="sm-4cd">
         <name>SysTick_Handler</name>
         <value>0x63f</value>
      </symbol>
      <symbol id="sm-4ce">
         <name>PSS_IRQHandler</name>
         <value>0x63f</value>
      </symbol>
      <symbol id="sm-4cf">
         <name>CS_IRQHandler</name>
         <value>0x63f</value>
      </symbol>
      <symbol id="sm-4d0">
         <name>PCM_IRQHandler</name>
         <value>0x63f</value>
      </symbol>
      <symbol id="sm-4d1">
         <name>WDT_A_IRQHandler</name>
         <value>0x63f</value>
      </symbol>
      <symbol id="sm-4d2">
         <name>FPU_IRQHandler</name>
         <value>0x63f</value>
      </symbol>
      <symbol id="sm-4d3">
         <name>FLCTL_IRQHandler</name>
         <value>0x63f</value>
      </symbol>
      <symbol id="sm-4d4">
         <name>COMP_E0_IRQHandler</name>
         <value>0x63f</value>
      </symbol>
      <symbol id="sm-4d5">
         <name>COMP_E1_IRQHandler</name>
         <value>0x63f</value>
      </symbol>
      <symbol id="sm-4d6">
         <name>TA0_0_IRQHandler</name>
         <value>0x63f</value>
      </symbol>
      <symbol id="sm-4d7">
         <name>TA0_N_IRQHandler</name>
         <value>0x63f</value>
      </symbol>
      <symbol id="sm-4d8">
         <name>TA1_0_IRQHandler</name>
         <value>0x63f</value>
      </symbol>
      <symbol id="sm-4d9">
         <name>TA1_N_IRQHandler</name>
         <value>0x63f</value>
      </symbol>
      <symbol id="sm-4da">
         <name>TA2_0_IRQHandler</name>
         <value>0x63f</value>
      </symbol>
      <symbol id="sm-4db">
         <name>TA2_N_IRQHandler</name>
         <value>0x63f</value>
      </symbol>
      <symbol id="sm-4dc">
         <name>TA3_0_IRQHandler</name>
         <value>0x63f</value>
      </symbol>
      <symbol id="sm-4dd">
         <name>TA3_N_IRQHandler</name>
         <value>0x63f</value>
      </symbol>
      <symbol id="sm-4de">
         <name>EUSCIA0_IRQHandler</name>
         <value>0x63f</value>
      </symbol>
      <symbol id="sm-4df">
         <name>EUSCIA1_IRQHandler</name>
         <value>0x63f</value>
      </symbol>
      <symbol id="sm-4e0">
         <name>EUSCIA2_IRQHandler</name>
         <value>0x63f</value>
      </symbol>
      <symbol id="sm-4e1">
         <name>EUSCIA3_IRQHandler</name>
         <value>0x63f</value>
      </symbol>
      <symbol id="sm-4e2">
         <name>EUSCIB0_IRQHandler</name>
         <value>0x63f</value>
      </symbol>
      <symbol id="sm-4e3">
         <name>EUSCIB1_IRQHandler</name>
         <value>0x63f</value>
      </symbol>
      <symbol id="sm-4e4">
         <name>EUSCIB2_IRQHandler</name>
         <value>0x63f</value>
      </symbol>
      <symbol id="sm-4e5">
         <name>EUSCIB3_IRQHandler</name>
         <value>0x63f</value>
      </symbol>
      <symbol id="sm-4e6">
         <name>ADC14_IRQHandler</name>
         <value>0x6b9</value>
      </symbol>
      <symbol id="sm-4e7">
         <name>T32_INT1_IRQHandler</name>
         <value>0xc15</value>
      </symbol>
      <symbol id="sm-4e8">
         <name>T32_INT2_IRQHandler</name>
         <value>0x8e5</value>
      </symbol>
      <symbol id="sm-4e9">
         <name>T32_INTC_IRQHandler</name>
         <value>0x63f</value>
      </symbol>
      <symbol id="sm-4ea">
         <name>AES256_IRQHandler</name>
         <value>0x63f</value>
      </symbol>
      <symbol id="sm-4eb">
         <name>RTC_C_IRQHandler</name>
         <value>0x63f</value>
      </symbol>
      <symbol id="sm-4ec">
         <name>DMA_ERR_IRQHandler</name>
         <value>0x63f</value>
      </symbol>
      <symbol id="sm-4ed">
         <name>DMA_INT3_IRQHandler</name>
         <value>0x63f</value>
      </symbol>
      <symbol id="sm-4ee">
         <name>DMA_INT2_IRQHandler</name>
         <value>0x63f</value>
      </symbol>
      <symbol id="sm-4ef">
         <name>DMA_INT1_IRQHandler</name>
         <value>0x63f</value>
      </symbol>
      <symbol id="sm-4f0">
         <name>DMA_INT0_IRQHandler</name>
         <value>0x63f</value>
      </symbol>
      <symbol id="sm-4f1">
         <name>PORT1_IRQHandler</name>
         <value>0x63f</value>
      </symbol>
      <symbol id="sm-4f2">
         <name>PORT2_IRQHandler</name>
         <value>0x63f</value>
      </symbol>
      <symbol id="sm-4f3">
         <name>PORT3_IRQHandler</name>
         <value>0x9f1</value>
      </symbol>
      <symbol id="sm-4f4">
         <name>PORT4_IRQHandler</name>
         <value>0x63f</value>
      </symbol>
      <symbol id="sm-4f5">
         <name>PORT5_IRQHandler</name>
         <value>0x63f</value>
      </symbol>
      <symbol id="sm-4f6">
         <name>PORT6_IRQHandler</name>
         <value>0x63f</value>
      </symbol>
   </symbol_table>
   <title>Link successful</title>
</link_info>
