******************************************************************************
                  TI ARM Linker Unix v16.9.6                   
******************************************************************************
>> Linked Wed May  9 20:55:25 2018

OUTPUT FILE NAME:   <Lab1.out>
ENTRY POINT SYMBOL: "_c_int00"  address: 00000a45


MEMORY CONFIGURATION

         name            origin    length      used     unused   attr    fill
----------------------  --------  ---------  --------  --------  ----  --------
  MAIN                  00000000   00040000  00001096  0003ef6a  R  X
  INFO                  00200000   00004000  00000000  00004000  R  X
  SRAM_CODE             01000000   00010000  00000274  0000fd8c  RW X
  SRAM_DATA             20000000   00010000  00000274  0000fd8c  RW  


SEGMENT ALLOCATION MAP

run origin  load origin   length   init length attrs members
----------  ----------- ---------- ----------- ----- -------
00000000    00000000    00001098   00001098    r-x
  00000000    00000000    000000e4   000000e4    r-- .intvecs
  000000e4    000000e4    00000f1e   00000f1e    r-x .text
  00001004    00001004    00000044   00000044    r-- .const
  00001048    00001048    00000050   00000050    r-- .cinit
20000000    20000000    00000074   00000000    rw-
  20000000    20000000    0000004c   00000000    rw- .data
  2000004c    2000004c    00000028   00000000    rw- .bss
2000fe00    2000fe00    00000200   00000000    rw-
  2000fe00    2000fe00    00000200   00000000    rw- .stack


SECTION ALLOCATION MAP

 output                                  attributes/
section   page    origin      length       input sections
--------  ----  ----------  ----------   ----------------
.intvecs   0    00000000    000000e4     
                  00000000    000000e4     startup_msp432p401r_ccs.obj (.intvecs:retain)

.text      0    000000e4    00000f1e     
                  000000e4    000000fc     rtsv7M4_T_le_v4SPD16_eabi.lib : fd_mul_t2.obj (.text)
                  000001e0    000000d8     HAL_OPT3001.obj (.text:_Z14OPT3001_getLuxv)
                  000002b8    000000cc     main.obj (.text:_Z5Setupv)
                  00000384    0000009c     rtsv7M4_T_le_v4SPD16_eabi.lib : memcpy_t2.obj (.text)
                  00000420    00000094     main.obj (.text:_Z10TurnOnTimev)
                  000004b4    0000008c     HAL_I2C.obj (.text:_Z10I2C_read16h)
                  00000540    00000084     main.obj (.text:_Z11TurnOffTimev)
                  000005c4    0000007a     rtsv7M4_T_le_v4SPD16_eabi.lib : memset_t2.obj (.text)
                  0000063e    00000002     startup_msp432p401r_ccs.obj (.text:Default_Handler)
                  00000640    00000078     system_msp432p401r.obj (.text:SystemInit)
                  000006b8    00000074     main.obj (.text:ADC14_IRQHandler)
                  0000072c    00000074     main.obj (.text:_Z5Startv)
                  000007a0    00000070     rtsv7M4_T_le_v4SPD16_eabi.lib : autoinit.obj (.text)
                  00000810    0000006c     main.obj (.text:_Z8checkADCPi)
                  0000087c    00000068     rtsv7M4_T_le_v4SPD16_eabi.lib : copy_decompress_lzss.obj (.text:decompress:lzss)
                  000008e4    0000005c     main.obj (.text:T32_INT2_IRQHandler)
                  00000940    0000005c     main.obj (.text:_Z21ADC_MIC_CONFIGURATIONv)
                  0000099c    00000054     msp432p4xx_driverlib.lib : i2c_MSP432P4XX.obj (.text:I2C_masterSendMultiByteFinish)
                  000009f0    00000054     main.obj (.text:PORT3_IRQHandler)
                  00000a44    00000054     rtsv7M4_T_le_v4SPD16_eabi.lib : boot.obj (.text)
                  00000a98    00000054                                   : exit.obj (.text)
                  00000aec    0000004c     msp432p4xx_driverlib.lib : gpio_MSP432P4XX.obj (.text:GPIO_setAsPeripheralModuleFunctionOutputPin)
                  00000b38    0000004c     rtsv7M4_T_le_v4SPD16_eabi.lib : cpy_tbl.obj (.text)
                  00000b84    00000048     HAL_I2C.obj (.text:_Z11I2C_write16hj)
                  00000bcc    00000048     main.obj (.text:_Z18__NVIC_SetPriority4IRQnj)
                  00000c14    00000044     main.obj (.text:T32_INT1_IRQHandler)
                  00000c58    00000044     rtsv7M4_T_le_v4SPD16_eabi.lib : fd_tou_t2.obj (.text)
                  00000c9c    00000040     msp432p4xx_driverlib.lib : i2c_MSP432P4XX.obj (.text:I2C_masterSendMultiByteStart)
                  00000cdc    0000003e                              : i2c_MSP432P4XX.obj (.text:I2C_initMaster)
                  00000d1a    00000002     rtsv7M4_T_le_v4SPD16_eabi.lib : mpu_init.obj (.text)
                  00000d1c    00000038     main.obj (.text:_Z17__NVIC_DisableIRQ4IRQn)
                  00000d54    00000030     msp432p4xx_driverlib.lib : i2c_MSP432P4XX.obj (.text:I2C_masterReceiveMultiByteFinish)
                  00000d84    00000030                              : i2c_MSP432P4XX.obj (.text:I2C_masterSendMultiByteStop)
                  00000db4    00000030     main.obj (.text:_Z16__NVIC_EnableIRQ4IRQn)
                  00000de4    0000002e     main.obj (.text:_Z14InterruptSetupv)
                  00000e12    00000002     rtsv7M4_T_le_v4SPD16_eabi.lib : startup.obj (.text)
                  00000e14    0000002c     main.obj (.text:_Z13TimerConfigs2v)
                  00000e40    00000024     msp432p4xx_driverlib.lib : i2c_MSP432P4XX.obj (.text:I2C_masterSendMultiByteNext)
                  00000e64    00000020     HAL_I2C.obj (.text:_Z8I2C_initv)
                  00000e84    00000020     rtsv7M4_T_le_v4SPD16_eabi.lib : u_tofd_t2.obj (.text)
                  00000ea4    0000001e     main.obj (.text:main)
                  00000ec2    00000002     --HOLE-- [fill = 0]
                  00000ec4    0000001c     HAL_I2C.obj (.text:_Z12I2C_setslavej)
                  00000ee0    0000001c     main.obj (.text:_Z13TimerConfigs1v)
                  00000efc    0000001c     main.obj (.text:_Z14AuthomaticModev)
                  00000f18    00000018     HAL_I2C.obj (.text:_Z13Init_I2C_GPIOv)
                  00000f30    00000018     rtsv7M4_T_le_v4SPD16_eabi.lib : args_main.obj (.text)
                  00000f48    00000014     msp432p4xx_driverlib.lib : i2c_MSP432P4XX.obj (.text:I2C_isBusBusy)
                  00000f5c    00000014     HAL_OPT3001.obj (.text:_Z12OPT3001_initv)
                  00000f70    00000014     rtsv7M4_T_le_v4SPD16_eabi.lib : _lock.obj (.text)
                  00000f84    00000010     msp432p4xx_driverlib.lib : i2c_MSP432P4XX.obj (.text:I2C_masterReceiveStart)
                  00000f94    0000000e                              : i2c_MSP432P4XX.obj (.text:I2C_clearInterruptFlag)
                  00000fa2    0000000e                              : i2c_MSP432P4XX.obj (.text:I2C_setMode)
                  00000fb0    0000000e     rtsv7M4_T_le_v4SPD16_eabi.lib : copy_decompress_none.obj (.text:decompress:none)
                  00000fbe    0000000c     msp432p4xx_driverlib.lib : i2c_MSP432P4XX.obj (.text:I2C_disableModule)
                  00000fca    0000000c                              : i2c_MSP432P4XX.obj (.text:I2C_enableModule)
                  00000fd6    0000000c     startup_msp432p401r_ccs.obj (.text:Reset_Handler)
                  00000fe2    0000000c     rtsv7M4_T_le_v4SPD16_eabi.lib : copy_zero_init.obj (.text:decompress:ZI)
                  00000fee    00000006     msp432p4xx_driverlib.lib : i2c_MSP432P4XX.obj (.text:I2C_getInterruptStatus)
                  00000ff4    00000006                              : i2c_MSP432P4XX.obj (.text:I2C_masterReceiveMultiByteNext)
                  00000ffa    00000004                              : i2c_MSP432P4XX.obj (.text:I2C_setSlaveAddress)
                  00000ffe    00000004     rtsv7M4_T_le_v4SPD16_eabi.lib : pre_init.obj (.text)

.const     0    00001004    00000044     
                  00001004    00000030     msp432p4xx_driverlib.lib : gpio_MSP432P4XX.obj (.const:GPIO_PORT_TO_BASE)
                  00001034    00000014     HAL_I2C.obj (.const:i2cConfig)

.cinit     0    00001048    00000050     
                  00001048    00000025     (.cinit..data.load) [load image, compression = lzss]
                  0000106d    00000003     --HOLE-- [fill = 0]
                  00001070    0000000c     (__TI_handler_table)
                  0000107c    00000004     --HOLE-- [fill = 0]
                  00001080    00000008     (.cinit..bss.load) [load image, compression = zero_init]
                  00001088    00000010     (__TI_cinit_table)

.init_array 
*          0    00000000    00000000     UNINITIALIZED

.binit     0    00000000    00000000     

.data      0    20000000    0000004c     UNINITIALIZED
                  20000000    00000034     main.obj (.data)
                  20000034    0000000c     rtsv7M4_T_le_v4SPD16_eabi.lib : exit.obj (.data:$O1$$)
                  20000040    00000008                                   : _lock.obj (.data:$O1$$)
                  20000048    00000004                                   : stkdepth_vars.obj (.data)

.bss       0    2000004c    00000028     UNINITIALIZED
                  2000004c    00000028     (.common:g_iSamplesArray)

.stack     0    2000fe00    00000200     UNINITIALIZED
                  2000fe00    00000200     --HOLE--

MODULE SUMMARY

       Module                        code   ro data   rw data
       ------                        ----   -------   -------
    ./
       main.obj                      1512   0         184    
       HAL_I2C.obj                   296    20        0      
       HAL_OPT3001.obj               236    0         0      
       system_msp432p401r.obj        120    0         0      
    +--+-----------------------------+------+---------+---------+
       Total:                        2164   20        184    
                                                             
    ./ccs/
       startup_msp432p401r_ccs.obj   14     228       0      
    +--+-----------------------------+------+---------+---------+
       Total:                        14     228       0      
                                                             
    /home/cuchazc96/ti/ccs740/ccsv7/tools/compiler/ti-cgt-arm_16.9.6.LTS/lib/rtsv7M4_T_le_v4SPD16_eabi.lib
       fd_mul_t2.obj                 252    0         0      
       memcpy_t2.obj                 156    0         0      
       memset_t2.obj                 122    0         0      
       autoinit.obj                  112    0         0      
       exit.obj                      84     0         24     
       copy_decompress_lzss.obj      104    0         0      
       boot.obj                      84     0         0      
       cpy_tbl.obj                   76     0         0      
       fd_tou_t2.obj                 68     0         0      
       _lock.obj                     20     0         16     
       u_tofd_t2.obj                 32     0         0      
       args_main.obj                 24     0         0      
       copy_decompress_none.obj      14     0         0      
       copy_zero_init.obj            12     0         0      
       stkdepth_vars.obj             0      0         8      
       pre_init.obj                  4      0         0      
       mpu_init.obj                  2      0         0      
       startup.obj                   2      0         0      
    +--+-----------------------------+------+---------+---------+
       Total:                        1168   0         48     
                                                             
    /home/cuchazc96/ti/ccs740/simplelink_msp432p4_sdk_2_10_00_14/source/ti/devices/msp432p4xx/driverlib/ccs/msp432p4xx_driverlib.lib
       i2c_MSP432P4XX.obj            446    0         0      
       gpio_MSP432P4XX.obj           76     48        0      
    +--+-----------------------------+------+---------+---------+
       Total:                        522    48        0      
                                                             
       Stack:                        0      0         1024   
       Linker Generated:             0      73        0      
    +--+-----------------------------+------+---------+---------+
       Grand Total:                  3868   369       1256   


LINKER GENERATED COPY TABLES

__TI_cinit_table @ 00001088 records: 2, size/record: 8, table size: 16
	.data: load addr=00001048, load size=00000025 bytes, run addr=20000000, run size=0000004c bytes, compression=lzss
	.bss: load addr=00001080, load size=00000008 bytes, run addr=2000004c, run size=00000028 bytes, compression=zero_init


LINKER GENERATED HANDLER TABLE

__TI_handler_table @ 00001070 records: 3, size/record: 4, table size: 12
	index: 0, handler: __TI_decompress_lzss
	index: 1, handler: __TI_decompress_none
	index: 2, handler: __TI_zero_init


GLOBAL SYMBOLS: SORTED ALPHABETICALLY BY Name 

address   name                                       
-------   ----                                       
000006b9  ADC14_IRQHandler                           
000006b9  ADC14_IRQHandler                           
0000063f  AES256_IRQHandler                          
0000063f  BusFault_Handler                           
00000a99  C$$EXIT                                    
0000063f  COMP_E0_IRQHandler                         
0000063f  COMP_E1_IRQHandler                         
0000063f  CS_IRQHandler                              
0000063f  DMA_ERR_IRQHandler                         
0000063f  DMA_INT0_IRQHandler                        
0000063f  DMA_INT1_IRQHandler                        
0000063f  DMA_INT2_IRQHandler                        
0000063f  DMA_INT3_IRQHandler                        
0000063f  DebugMon_Handler                           
0000063f  Default_Handler                            
0000063f  EUSCIA0_IRQHandler                         
0000063f  EUSCIA1_IRQHandler                         
0000063f  EUSCIA2_IRQHandler                         
0000063f  EUSCIA3_IRQHandler                         
0000063f  EUSCIB0_IRQHandler                         
0000063f  EUSCIB1_IRQHandler                         
0000063f  EUSCIB2_IRQHandler                         
0000063f  EUSCIB3_IRQHandler                         
0000063f  FLCTL_IRQHandler                           
0000063f  FPU_IRQHandler                             
00000aed  GPIO_setAsPeripheralModuleFunctionOutputPin
0000063f  HardFault_Handler                          
00000f95  I2C_clearInterruptFlag                     
00000fbf  I2C_disableModule                          
00000fcb  I2C_enableModule                           
00000fef  I2C_getInterruptStatus                     
00000cdd  I2C_initMaster                             
00000f49  I2C_isBusBusy                              
00000d55  I2C_masterReceiveMultiByteFinish           
00000ff5  I2C_masterReceiveMultiByteNext             
00000f85  I2C_masterReceiveStart                     
0000099d  I2C_masterSendMultiByteFinish              
00000e41  I2C_masterSendMultiByteNext                
00000c9d  I2C_masterSendMultiByteStart               
00000d85  I2C_masterSendMultiByteStop                
00000fa3  I2C_setMode                                
00000ffb  I2C_setSlaveAddress                        
0000063f  MemManage_Handler                          
0000063f  NMI_Handler                                
0000063f  PCM_IRQHandler                             
0000063f  PORT1_IRQHandler                           
0000063f  PORT2_IRQHandler                           
000009f1  PORT3_IRQHandler                           
000009f1  PORT3_IRQHandler                           
0000063f  PORT4_IRQHandler                           
0000063f  PORT5_IRQHandler                           
0000063f  PORT6_IRQHandler                           
0000063f  PSS_IRQHandler                             
0000063f  PendSV_Handler                             
0000063f  RTC_C_IRQHandler                           
00000fd7  Reset_Handler                              
UNDEFED   SHT$$INIT_ARRAY$$Base                      
UNDEFED   SHT$$INIT_ARRAY$$Limit                     
0000063f  SVC_Handler                                
0000063f  SysTick_Handler                            
00000641  SystemInit                                 
00000c15  T32_INT1_IRQHandler                        
00000c15  T32_INT1_IRQHandler                        
000008e5  T32_INT2_IRQHandler                        
000008e5  T32_INT2_IRQHandler                        
0000063f  T32_INTC_IRQHandler                        
0000063f  TA0_0_IRQHandler                           
0000063f  TA0_N_IRQHandler                           
0000063f  TA1_0_IRQHandler                           
0000063f  TA1_N_IRQHandler                           
0000063f  TA2_0_IRQHandler                           
0000063f  TA2_N_IRQHandler                           
0000063f  TA3_0_IRQHandler                           
0000063f  TA3_N_IRQHandler                           
0000063f  UsageFault_Handler                         
4000480c  WDTCTL_SYM                                 
0000063f  WDT_A_IRQHandler                           
000004b5  _Z10I2C_read16h                            
00000421  _Z10TurnOnTimev                            
00000b85  _Z11I2C_write16hj                          
00000541  _Z11TurnOffTimev                           
00000ec5  _Z12I2C_setslavej                          
00000f5d  _Z12OPT3001_initv                          
00000f19  _Z13Init_I2C_GPIOv                         
00000ee1  _Z13TimerConfigs1v                         
00000e15  _Z13TimerConfigs2v                         
00000efd  _Z14AuthomaticModev                        
00000de5  _Z14InterruptSetupv                        
000001e1  _Z14OPT3001_getLuxv                        
00000941  _Z21ADC_MIC_CONFIGURATIONv                 
000002b9  _Z5Setupv                                  
0000072d  _Z5Startv                                  
00000e65  _Z8I2C_initv                               
00000811  _Z8checkADCPi                              
20010000  __STACK_END                                
00000200  __STACK_SIZE                               
00001088  __TI_CINIT_Base                            
00001098  __TI_CINIT_Limit                           
00001070  __TI_Handler_Table_Base                    
0000107c  __TI_Handler_Table_Limit                   
000007a1  __TI_auto_init                             
20000034  __TI_cleanup_ptr                           
0000087d  __TI_decompress_lzss                       
00000fb1  __TI_decompress_none                       
20000038  __TI_dtors_ptr                             
2000003c  __TI_enable_exit_profile_output            
ffffffff  __TI_pprof_out_hndl                        
ffffffff  __TI_prof_data_size                        
ffffffff  __TI_prof_data_start                       
00000000  __TI_static_base__                         
00000fe3  __TI_zero_init                             
00000c59  __aeabi_d2uiz                              
000000e5  __aeabi_dmul                               
000005c5  __aeabi_memclr                             
000005c5  __aeabi_memclr4                            
000005c5  __aeabi_memclr8                            
00000385  __aeabi_memcpy                             
00000385  __aeabi_memcpy4                            
00000385  __aeabi_memcpy8                            
000005c7  __aeabi_memset                             
000005c7  __aeabi_memset4                            
000005c7  __aeabi_memset8                            
00000e85  __aeabi_ui2d                               
ffffffff  __binit__                                  
ffffffff  __c_args__                                 
00000d1b  __mpu_init                                 
2000fe00  __stack                                    
00000f31  _args_main                                 
00000a45  _c_int00                                   
20000040  _lock                                      
00000f7f  _nop                                       
00000f77  _register_lock                             
00000f71  _register_unlock                           
00000e13  _system_post_cinit                         
00000fff  _system_pre_init                           
20000044  _unlock                                    
00000a9d  abort                                      
ffffffff  binit                                      
00000b39  copy_in                                    
00000aa5  exit                                       
2000000c  g_bInitialState                            
20000000  g_bLampState                               
20000014  g_bPoweringCondition                       
20000015  g_bStartFlag                               
20000008  g_fInitialLight                            
2000001c  g_fLightLevel                              
20000020  g_iButtonState                             
20000010  g_iLampAmount                              
20000018  g_iPoweringCounter                         
2000004c  g_iSamplesArray                            
20000004  g_iStartCounter                            
20000024  g_u16AdcResult                             
2000002c  g_u32Average                               
20000028  g_u32Index                                 
20000030  g_u32MinSound                              
00000000  interruptVectors                           
00000ea5  main                                       
20000048  main_func_sp                               
00000385  memcpy                                     
000005cd  memset                                     


GLOBAL SYMBOLS: SORTED BY Symbol Address 

address   name                                       
-------   ----                                       
00000000  __TI_static_base__                         
00000000  interruptVectors                           
000000e5  __aeabi_dmul                               
000001e1  _Z14OPT3001_getLuxv                        
00000200  __STACK_SIZE                               
000002b9  _Z5Setupv                                  
00000385  __aeabi_memcpy                             
00000385  __aeabi_memcpy4                            
00000385  __aeabi_memcpy8                            
00000385  memcpy                                     
00000421  _Z10TurnOnTimev                            
000004b5  _Z10I2C_read16h                            
00000541  _Z11TurnOffTimev                           
000005c5  __aeabi_memclr                             
000005c5  __aeabi_memclr4                            
000005c5  __aeabi_memclr8                            
000005c7  __aeabi_memset                             
000005c7  __aeabi_memset4                            
000005c7  __aeabi_memset8                            
000005cd  memset                                     
0000063f  AES256_IRQHandler                          
0000063f  BusFault_Handler                           
0000063f  COMP_E0_IRQHandler                         
0000063f  COMP_E1_IRQHandler                         
0000063f  CS_IRQHandler                              
0000063f  DMA_ERR_IRQHandler                         
0000063f  DMA_INT0_IRQHandler                        
0000063f  DMA_INT1_IRQHandler                        
0000063f  DMA_INT2_IRQHandler                        
0000063f  DMA_INT3_IRQHandler                        
0000063f  DebugMon_Handler                           
0000063f  Default_Handler                            
0000063f  EUSCIA0_IRQHandler                         
0000063f  EUSCIA1_IRQHandler                         
0000063f  EUSCIA2_IRQHandler                         
0000063f  EUSCIA3_IRQHandler                         
0000063f  EUSCIB0_IRQHandler                         
0000063f  EUSCIB1_IRQHandler                         
0000063f  EUSCIB2_IRQHandler                         
0000063f  EUSCIB3_IRQHandler                         
0000063f  FLCTL_IRQHandler                           
0000063f  FPU_IRQHandler                             
0000063f  HardFault_Handler                          
0000063f  MemManage_Handler                          
0000063f  NMI_Handler                                
0000063f  PCM_IRQHandler                             
0000063f  PORT1_IRQHandler                           
0000063f  PORT2_IRQHandler                           
0000063f  PORT4_IRQHandler                           
0000063f  PORT5_IRQHandler                           
0000063f  PORT6_IRQHandler                           
0000063f  PSS_IRQHandler                             
0000063f  PendSV_Handler                             
0000063f  RTC_C_IRQHandler                           
0000063f  SVC_Handler                                
0000063f  SysTick_Handler                            
0000063f  T32_INTC_IRQHandler                        
0000063f  TA0_0_IRQHandler                           
0000063f  TA0_N_IRQHandler                           
0000063f  TA1_0_IRQHandler                           
0000063f  TA1_N_IRQHandler                           
0000063f  TA2_0_IRQHandler                           
0000063f  TA2_N_IRQHandler                           
0000063f  TA3_0_IRQHandler                           
0000063f  TA3_N_IRQHandler                           
0000063f  UsageFault_Handler                         
0000063f  WDT_A_IRQHandler                           
00000641  SystemInit                                 
000006b9  ADC14_IRQHandler                           
000006b9  ADC14_IRQHandler                           
0000072d  _Z5Startv                                  
000007a1  __TI_auto_init                             
00000811  _Z8checkADCPi                              
0000087d  __TI_decompress_lzss                       
000008e5  T32_INT2_IRQHandler                        
000008e5  T32_INT2_IRQHandler                        
00000941  _Z21ADC_MIC_CONFIGURATIONv                 
0000099d  I2C_masterSendMultiByteFinish              
000009f1  PORT3_IRQHandler                           
000009f1  PORT3_IRQHandler                           
00000a45  _c_int00                                   
00000a99  C$$EXIT                                    
00000a9d  abort                                      
00000aa5  exit                                       
00000aed  GPIO_setAsPeripheralModuleFunctionOutputPin
00000b39  copy_in                                    
00000b85  _Z11I2C_write16hj                          
00000c15  T32_INT1_IRQHandler                        
00000c15  T32_INT1_IRQHandler                        
00000c59  __aeabi_d2uiz                              
00000c9d  I2C_masterSendMultiByteStart               
00000cdd  I2C_initMaster                             
00000d1b  __mpu_init                                 
00000d55  I2C_masterReceiveMultiByteFinish           
00000d85  I2C_masterSendMultiByteStop                
00000de5  _Z14InterruptSetupv                        
00000e13  _system_post_cinit                         
00000e15  _Z13TimerConfigs2v                         
00000e41  I2C_masterSendMultiByteNext                
00000e65  _Z8I2C_initv                               
00000e85  __aeabi_ui2d                               
00000ea5  main                                       
00000ec5  _Z12I2C_setslavej                          
00000ee1  _Z13TimerConfigs1v                         
00000efd  _Z14AuthomaticModev                        
00000f19  _Z13Init_I2C_GPIOv                         
00000f31  _args_main                                 
00000f49  I2C_isBusBusy                              
00000f5d  _Z12OPT3001_initv                          
00000f71  _register_unlock                           
00000f77  _register_lock                             
00000f7f  _nop                                       
00000f85  I2C_masterReceiveStart                     
00000f95  I2C_clearInterruptFlag                     
00000fa3  I2C_setMode                                
00000fb1  __TI_decompress_none                       
00000fbf  I2C_disableModule                          
00000fcb  I2C_enableModule                           
00000fd7  Reset_Handler                              
00000fe3  __TI_zero_init                             
00000fef  I2C_getInterruptStatus                     
00000ff5  I2C_masterReceiveMultiByteNext             
00000ffb  I2C_setSlaveAddress                        
00000fff  _system_pre_init                           
00001070  __TI_Handler_Table_Base                    
0000107c  __TI_Handler_Table_Limit                   
00001088  __TI_CINIT_Base                            
00001098  __TI_CINIT_Limit                           
20000000  g_bLampState                               
20000004  g_iStartCounter                            
20000008  g_fInitialLight                            
2000000c  g_bInitialState                            
20000010  g_iLampAmount                              
20000014  g_bPoweringCondition                       
20000015  g_bStartFlag                               
20000018  g_iPoweringCounter                         
2000001c  g_fLightLevel                              
20000020  g_iButtonState                             
20000024  g_u16AdcResult                             
20000028  g_u32Index                                 
2000002c  g_u32Average                               
20000030  g_u32MinSound                              
20000034  __TI_cleanup_ptr                           
20000038  __TI_dtors_ptr                             
2000003c  __TI_enable_exit_profile_output            
20000040  _lock                                      
20000044  _unlock                                    
20000048  main_func_sp                               
2000004c  g_iSamplesArray                            
2000fe00  __stack                                    
20010000  __STACK_END                                
4000480c  WDTCTL_SYM                                 
ffffffff  __TI_pprof_out_hndl                        
ffffffff  __TI_prof_data_size                        
ffffffff  __TI_prof_data_start                       
ffffffff  __binit__                                  
ffffffff  __c_args__                                 
ffffffff  binit                                      
UNDEFED   SHT$$INIT_ARRAY$$Base                      
UNDEFED   SHT$$INIT_ARRAY$$Limit                     

[160 symbols]
